
mysql> show databases;
+--------------------+
| Database           |
+--------------------+
| information_schema |
| knowittejasdb      |
| mysql              |
| performance_schema |
| sakila             |
| sys                |
| world              |
+--------------------+
7 rows in set (0.01 sec)

mysql> use knowittejasdb;
Database changed
mysql> show tables;
+-------------------------+
| Tables_in_knowittejasdb |
+-------------------------+
| bonus                   |
| customer                |
| customer1               |
| dept                    |
| dept10                  |
| emp                     |
| emp100                  |
| employee                |
| salesman                |
| salesman1               |
| salgrade                |
| vehicle                 |
+-------------------------+
12 rows in set (0.09 sec)

mysql> select * from emp where ename like "%r";
+-------+--------+----------+------+------------+---------+------+--------+
| EMPNO | ENAME  | JOB      | MGR  | HIREDATE   | SAL     | COMM | DEPTNO |
+-------+--------+----------+------+------------+---------+------+--------+
|  7844 | TURNER | SALESMAN | 7698 | 1981-09-08 | 1500.00 | 0.00 |     30 |
|  7934 | MILLER | CLERK    | 7782 | 1982-01-23 | 1300.00 | NULL |     10 |
+-------+--------+----------+------+------------+---------+------+--------+
2 rows in set (0.00 sec)

mysql> select * from emp where ename like "m%" and "%r";
Empty set, 1 warning (0.00 sec)

mysql> select * from emp where ename like "m%" and like "%r";
ERROR 1064 (42000): You have an error in your SQL syntax; check the manual that corresponds to your MySQL server version for the right syntax to use near 'like "%r"' at line 1
mysql> select * from emp where ename like "m%" and "%r";
Empty set, 1 warning (0.00 sec)

mysql> select * from emp where ename like "m%" or "r%";
+-------+--------+----------+------+------------+---------+---------+--------+
| EMPNO | ENAME  | JOB      | MGR  | HIREDATE   | SAL     | COMM    | DEPTNO |
+-------+--------+----------+------+------------+---------+---------+--------+
|  7654 | MARTIN | SALESMAN | 7698 | 1981-09-28 | 1250.00 | 1400.00 |     30 |
|  7934 | MILLER | CLERK    | 7782 | 1982-01-23 | 1300.00 |    NULL |     10 |
+-------+--------+----------+------+------------+---------+---------+--------+
2 rows in set, 1 warning (0.00 sec)

mysql> select * from emp where ename like "_m%";
+-------+-------+-------+------+------------+--------+------+--------+
| EMPNO | ENAME | JOB   | MGR  | HIREDATE   | SAL    | COMM | DEPTNO |
+-------+-------+-------+------+------------+--------+------+--------+
|  7369 | SMITH | CLERK | 7902 | 1980-12-17 | 800.00 | NULL |     20 |
+-------+-------+-------+------+------------+--------+------+--------+
1 row in set (0.00 sec)

mysql> select * from emp where ename like "_l%";
+-------+-------+----------+------+------------+---------+--------+--------+
| EMPNO | ENAME | JOB      | MGR  | HIREDATE   | SAL     | COMM   | DEPTNO |
+-------+-------+----------+------+------------+---------+--------+--------+
|  7499 | ALLEN | SALESMAN | 7698 | 1981-02-20 | 1600.00 | 300.00 |     30 |
|  7698 | BLAKE | MANAGER  | 7839 | 1981-05-01 | 2850.00 |   NULL |     30 |
|  7782 | CLARK | MANAGER  | 7839 | 1981-09-06 | 2450.00 |   NULL |     10 |
+-------+-------+----------+------+------------+---------+--------+--------+
3 rows in set (0.00 sec)

mysql> select * from emp where ename like "__l%";
+-------+--------+----------+------+------------+---------+--------+--------+
| EMPNO | ENAME  | JOB      | MGR  | HIREDATE   | SAL     | COMM   | DEPTNO |
+-------+--------+----------+------+------------+---------+--------+--------+
|  7499 | ALLEN  | SALESMAN | 7698 | 1981-02-20 | 1600.00 | 300.00 |     30 |
|  7934 | MILLER | CLERK    | 7782 | 1982-01-23 | 1300.00 |   NULL |     10 |
+-------+--------+----------+------+------------+---------+--------+--------+
2 rows in set (0.00 sec)

mysql> select * from emp where ename like "%es";
+-------+-------+---------+------+------------+---------+------+--------+
| EMPNO | ENAME | JOB     | MGR  | HIREDATE   | SAL     | COMM | DEPTNO |
+-------+-------+---------+------+------------+---------+------+--------+
|  7566 | JONES | MANAGER | 7839 | 1981-04-02 | 2975.00 | NULL |     20 |
|  7900 | JAMES | CLERK   | 7698 | 1981-12-03 |  950.00 | NULL |     30 |
+-------+-------+---------+------+------------+---------+------+--------+
2 rows in set (0.00 sec)

mysql> select * from emp where ename like "c%" and "%k";
Empty set, 1 warning (0.00 sec)

mysql> select * from emp where ename like "m%" or "a%" and ename like "%r" or "%e" ;
+-------+--------+----------+------+------------+---------+---------+--------+
| EMPNO | ENAME  | JOB      | MGR  | HIREDATE   | SAL     | COMM    | DEPTNO |
+-------+--------+----------+------+------------+---------+---------+--------+
|  7654 | MARTIN | SALESMAN | 7698 | 1981-09-28 | 1250.00 | 1400.00 |     30 |
|  7934 | MILLER | CLERK    | 7782 | 1982-01-23 | 1300.00 |    NULL |     10 |
+-------+--------+----------+------+------------+---------+---------+--------+
2 rows in set, 2 warnings (0.00 sec)

mysql> select * from emp where ename like "m%" or "a%" and "%r" or "%e" ;
+-------+--------+----------+------+------------+---------+---------+--------+
| EMPNO | ENAME  | JOB      | MGR  | HIREDATE   | SAL     | COMM    | DEPTNO |
+-------+--------+----------+------+------------+---------+---------+--------+
|  7654 | MARTIN | SALESMAN | 7698 | 1981-09-28 | 1250.00 | 1400.00 |     30 |
|  7934 | MILLER | CLERK    | 7782 | 1982-01-23 | 1300.00 |    NULL |     10 |
+-------+--------+----------+------+------------+---------+---------+--------+
2 rows in set, 2 warnings (0.00 sec)

mysql> select * from emp where ename like ("m%" or "a%") and ("%r" or "%e") ;
Empty set, 2 warnings (0.00 sec)

mysql> select * from emp where ename like ("m%" or "a%") and (ename like "%e") ;
Empty set, 2 warnings (0.08 sec)

mysql> select * from emp;
+-------+--------+-----------+------+------------+---------+---------+--------+
| EMPNO | ENAME  | JOB       | MGR  | HIREDATE   | SAL     | COMM    | DEPTNO |
+-------+--------+-----------+------+------------+---------+---------+--------+
|  7369 | SMITH  | CLERK     | 7902 | 1980-12-17 |  800.00 |    NULL |     20 |
|  7499 | ALLEN  | SALESMAN  | 7698 | 1981-02-20 | 1600.00 |  300.00 |     30 |
|  7521 | WARD   | SALESMAN  | 7698 | 1981-02-22 | 1250.00 |  500.00 |     30 |
|  7566 | JONES  | MANAGER   | 7839 | 1981-04-02 | 2975.00 |    NULL |     20 |
|  7654 | MARTIN | SALESMAN  | 7698 | 1981-09-28 | 1250.00 | 1400.00 |     30 |
|  7698 | BLAKE  | MANAGER   | 7839 | 1981-05-01 | 2850.00 |    NULL |     30 |
|  7782 | CLARK  | MANAGER   | 7839 | 1981-09-06 | 2450.00 |    NULL |     10 |
|  7788 | SCOTT  | ANALYST   | 7566 | 1982-12-09 | 3000.00 |    NULL |     20 |
|  7839 | KING   | PRESIDENT | NULL | 1981-11-17 | 5000.00 |    NULL |     10 |
|  7844 | TURNER | SALESMAN  | 7698 | 1981-09-08 | 1500.00 |    0.00 |     30 |
|  7876 | ADAMS  | CLERK     | 7788 | 1983-01-12 | 1100.00 |    NULL |     20 |
|  7900 | JAMES  | CLERK     | 7698 | 1981-12-03 |  950.00 |    NULL |     30 |
|  7902 | FORD   | ANALYST   | 7566 | 1981-12-03 | 3000.00 |    NULL |     20 |
|  7934 | MILLER | CLERK     | 7782 | 1982-01-23 | 1300.00 |    NULL |     10 |
|  7902 | FORD   | ANALYST   | NULL | 1981-12-03 | 3000.00 |  200.00 |     20 |
+-------+--------+-----------+------+------------+---------+---------+--------+
15 rows in set (0.00 sec)

mysql> select * from emp where ename like ("m%" or "a%") and (ename like "%r" or "%e") ;
Empty set, 3 warnings (0.00 sec)

mysql> select * from emp where ename like ("m%" or "a%") and ename like("%r" or "%e") ;
Empty set, 4 warnings (0.00 sec)

mysql> select * from emp where ename like ("m%" or "a%") and ("%r" or "%e") ;
Empty set, 2 warnings (0.00 sec)

mysql> select hiredate, date_format(hiresate,"%Y");
ERROR 1054 (42S22): Unknown column 'hiredate' in 'field list'
mysql> select hiredate, date_format(hiresate,"%Y") from emp;
ERROR 1054 (42S22): Unknown column 'hiresate' in 'field list'
mysql> select hiredate, date_format(hiredate,"%Y") from emp;
+------------+----------------------------+
| hiredate   | date_format(hiredate,"%Y") |
+------------+----------------------------+
| 1980-12-17 | 1980                       |
| 1981-02-20 | 1981                       |
| 1981-02-22 | 1981                       |
| 1981-04-02 | 1981                       |
| 1981-09-28 | 1981                       |
| 1981-05-01 | 1981                       |
| 1981-09-06 | 1981                       |
| 1982-12-09 | 1982                       |
| 1981-11-17 | 1981                       |
| 1981-09-08 | 1981                       |
| 1983-01-12 | 1983                       |
| 1981-12-03 | 1981                       |
| 1981-12-03 | 1981                       |
| 1982-01-23 | 1982                       |
| 1981-12-03 | 1981                       |
+------------+----------------------------+
15 rows in set (0.08 sec)

mysql> select hiredate, date_format(hiredate,"%y") from emp;
+------------+----------------------------+
| hiredate   | date_format(hiredate,"%y") |
+------------+----------------------------+
| 1980-12-17 | 80                         |
| 1981-02-20 | 81                         |
| 1981-02-22 | 81                         |
| 1981-04-02 | 81                         |
| 1981-09-28 | 81                         |
| 1981-05-01 | 81                         |
| 1981-09-06 | 81                         |
| 1982-12-09 | 82                         |
| 1981-11-17 | 81                         |
| 1981-09-08 | 81                         |
| 1983-01-12 | 83                         |
| 1981-12-03 | 81                         |
| 1981-12-03 | 81                         |
| 1982-01-23 | 82                         |
| 1981-12-03 | 81                         |
+------------+----------------------------+
15 rows in set (0.00 sec)

mysql> select hiredate, date_format(hiredate,"%M") from emp;
+------------+----------------------------+
| hiredate   | date_format(hiredate,"%M") |
+------------+----------------------------+
| 1980-12-17 | December                   |
| 1981-02-20 | February                   |
| 1981-02-22 | February                   |
| 1981-04-02 | April                      |
| 1981-09-28 | September                  |
| 1981-05-01 | May                        |
| 1981-09-06 | September                  |
| 1982-12-09 | December                   |
| 1981-11-17 | November                   |
| 1981-09-08 | September                  |
| 1983-01-12 | January                    |
| 1981-12-03 | December                   |
| 1981-12-03 | December                   |
| 1982-01-23 | January                    |
| 1981-12-03 | December                   |
+------------+----------------------------+
15 rows in set (0.11 sec)

mysql> select hiredate, date_format(hiredate,"%m") from emp;
+------------+----------------------------+
| hiredate   | date_format(hiredate,"%m") |
+------------+----------------------------+
| 1980-12-17 | 12                         |
| 1981-02-20 | 02                         |
| 1981-02-22 | 02                         |
| 1981-04-02 | 04                         |
| 1981-09-28 | 09                         |
| 1981-05-01 | 05                         |
| 1981-09-06 | 09                         |
| 1982-12-09 | 12                         |
| 1981-11-17 | 11                         |
| 1981-09-08 | 09                         |
| 1983-01-12 | 01                         |
| 1981-12-03 | 12                         |
| 1981-12-03 | 12                         |
| 1982-01-23 | 01                         |
| 1981-12-03 | 12                         |
+------------+----------------------------+
15 rows in set (0.00 sec)

mysql> select hiredate, date_format(hiredate,"%D") from emp;
+------------+----------------------------+
| hiredate   | date_format(hiredate,"%D") |
+------------+----------------------------+
| 1980-12-17 | 17th                       |
| 1981-02-20 | 20th                       |
| 1981-02-22 | 22nd                       |
| 1981-04-02 | 2nd                        |
| 1981-09-28 | 28th                       |
| 1981-05-01 | 1st                        |
| 1981-09-06 | 6th                        |
| 1982-12-09 | 9th                        |
| 1981-11-17 | 17th                       |
| 1981-09-08 | 8th                        |
| 1983-01-12 | 12th                       |
| 1981-12-03 | 3rd                        |
| 1981-12-03 | 3rd                        |
| 1982-01-23 | 23rd                       |
| 1981-12-03 | 3rd                        |
+------------+----------------------------+
15 rows in set (0.00 sec)

mysql> select hiredate, date_format(hiredate,"%d") from emp;
+------------+----------------------------+
| hiredate   | date_format(hiredate,"%d") |
+------------+----------------------------+
| 1980-12-17 | 17                         |
| 1981-02-20 | 20                         |
| 1981-02-22 | 22                         |
| 1981-04-02 | 02                         |
| 1981-09-28 | 28                         |
| 1981-05-01 | 01                         |
| 1981-09-06 | 06                         |
| 1982-12-09 | 09                         |
| 1981-11-17 | 17                         |
| 1981-09-08 | 08                         |
| 1983-01-12 | 12                         |
| 1981-12-03 | 03                         |
| 1981-12-03 | 03                         |
| 1982-01-23 | 23                         |
| 1981-12-03 | 03                         |
+------------+----------------------------+
15 rows in set (0.00 sec)

mysql> select * from emp where mod(emp,3)=0;
ERROR 1054 (42S22): Unknown column 'emp' in 'where clause'
mysql> select * from emp where mod(sal,3)=0;
+-------+--------+----------+------+------------+---------+--------+--------+
| EMPNO | ENAME  | JOB      | MGR  | HIREDATE   | SAL     | COMM   | DEPTNO |
+-------+--------+----------+------+------------+---------+--------+--------+
|  7698 | BLAKE  | MANAGER  | 7839 | 1981-05-01 | 2850.00 |   NULL |     30 |
|  7788 | SCOTT  | ANALYST  | 7566 | 1982-12-09 | 3000.00 |   NULL |     20 |
|  7844 | TURNER | SALESMAN | 7698 | 1981-09-08 | 1500.00 |   0.00 |     30 |
|  7902 | FORD   | ANALYST  | 7566 | 1981-12-03 | 3000.00 |   NULL |     20 |
|  7902 | FORD   | ANALYST  | NULL | 1981-12-03 | 3000.00 | 200.00 |     20 |
+-------+--------+----------+------+------------+---------+--------+--------+
5 rows in set (0.00 sec)

mysql> select concat(ename,'****'.sal) 'String fuction' from emp;
ERROR 1064 (42000): You have an error in your SQL syntax; check the manual that corresponds to your MySQL server version for the right syntax to use near '.sal) 'String fuction' from emp' at line 1
mysql> select concat(ename,'****',sal) 'String fuction' from emp;
+-------------------+
| String fuction    |
+-------------------+
| SMITH****800.00   |
| ALLEN****1600.00  |
| WARD****1250.00   |
| JONES****2975.00  |
| MARTIN****1250.00 |
| BLAKE****2850.00  |
| CLARK****2450.00  |
| SCOTT****3000.00  |
| KING****5000.00   |
| TURNER****1500.00 |
| ADAMS****1100.00  |
| JAMES****950.00   |
| FORD****3000.00   |
| MILLER****1300.00 |
| FORD****3000.00   |
+-------------------+
15 rows in set (0.08 sec)

mysql> select concat(ename,'@mycompany.com') 'String fuction' from emp;
+----------------------+
| String fuction       |
+----------------------+
| SMITH@mycompany.com  |
| ALLEN@mycompany.com  |
| WARD@mycompany.com   |
| JONES@mycompany.com  |
| MARTIN@mycompany.com |
| BLAKE@mycompany.com  |
| CLARK@mycompany.com  |
| SCOTT@mycompany.com  |
| KING@mycompany.com   |
| TURNER@mycompany.com |
| ADAMS@mycompany.com  |
| JAMES@mycompany.com  |
| FORD@mycompany.com   |
| MILLER@mycompany.com |
| FORD@mycompany.com   |
+----------------------+
15 rows in set (0.00 sec)

mysql> select ename,length(ename) 'String fuction' from emp;
+--------+----------------+
| ename  | String fuction |
+--------+----------------+
| SMITH  |              5 |
| ALLEN  |              5 |
| WARD   |              4 |
| JONES  |              5 |
| MARTIN |              6 |
| BLAKE  |              5 |
| CLARK  |              5 |
| SCOTT  |              5 |
| KING   |              4 |
| TURNER |              6 |
| ADAMS  |              5 |
| JAMES  |              5 |
| FORD   |              4 |
| MILLER |              6 |
| FORD   |              4 |
+--------+----------------+
15 rows in set (0.00 sec)

mysql> select ename,length(ename) 'String function' from emp;
+--------+-----------------+
| ename  | String function |
+--------+-----------------+
| SMITH  |               5 |
| ALLEN  |               5 |
| WARD   |               4 |
| JONES  |               5 |
| MARTIN |               6 |
| BLAKE  |               5 |
| CLARK  |               5 |
| SCOTT  |               5 |
| KING   |               4 |
| TURNER |               6 |
| ADAMS  |               5 |
| JAMES  |               5 |
| FORD   |               4 |
| MILLER |               6 |
| FORD   |               4 |
+--------+-----------------+
15 rows in set (0.00 sec)

mysql> select ename(length(ename)) 'String function' from emp;
ERROR 1305 (42000): FUNCTION knowittejasdb.ename does not exist
mysql> select concat(ename,' ',(length(ename))) 'String function' from emp;
+-----------------+
| String function |
+-----------------+
| SMITH 5         |
| ALLEN 5         |
| WARD 4          |
| JONES 5         |
| MARTIN 6        |
| BLAKE 5         |
| CLARK 5         |
| SCOTT 5         |
| KING 4          |
| TURNER 6        |
| ADAMS 5         |
| JAMES 5         |
| FORD 4          |
| MILLER 6        |
| FORD 4          |
+-----------------+
15 rows in set (0.00 sec)

mysql> select concat(substr(ename,0,3),'.',substr(job,2,3),'@MyCompany') 'String function' from emp;
+-----------------+
| String function |
+-----------------+
| .LER@MyCompany  |
| .ALE@MyCompany  |
| .ALE@MyCompany  |
| .ANA@MyCompany  |
| .ALE@MyCompany  |
| .ANA@MyCompany  |
| .ANA@MyCompany  |
| .NAL@MyCompany  |
| .RES@MyCompany  |
| .ALE@MyCompany  |
| .LER@MyCompany  |
| .LER@MyCompany  |
| .NAL@MyCompany  |
| .LER@MyCompany  |
| .NAL@MyCompany  |
+-----------------+
15 rows in set (0.00 sec)

mysql> select concat(substr(ename,1,3),'.',substr(job,2,3),'@MyCompany') 'String function' from emp;
+-------------------+
| String function   |
+-------------------+
| SMI.LER@MyCompany |
| ALL.ALE@MyCompany |
| WAR.ALE@MyCompany |
| JON.ANA@MyCompany |
| MAR.ALE@MyCompany |
| BLA.ANA@MyCompany |
| CLA.ANA@MyCompany |
| SCO.NAL@MyCompany |
| KIN.RES@MyCompany |
| TUR.ALE@MyCompany |
| ADA.LER@MyCompany |
| JAM.LER@MyCompany |
| FOR.NAL@MyCompany |
| MIL.LER@MyCompany |
| FOR.NAL@MyCompany |
+-------------------+
15 rows in set (0.00 sec)

mysql> select * from emp;
+-------+--------+-----------+------+------------+---------+---------+--------+
| EMPNO | ENAME  | JOB       | MGR  | HIREDATE   | SAL     | COMM    | DEPTNO |
+-------+--------+-----------+------+------------+---------+---------+--------+
|  7369 | SMITH  | CLERK     | 7902 | 1980-12-17 |  800.00 |    NULL |     20 |
|  7499 | ALLEN  | SALESMAN  | 7698 | 1981-02-20 | 1600.00 |  300.00 |     30 |
|  7521 | WARD   | SALESMAN  | 7698 | 1981-02-22 | 1250.00 |  500.00 |     30 |
|  7566 | JONES  | MANAGER   | 7839 | 1981-04-02 | 2975.00 |    NULL |     20 |
|  7654 | MARTIN | SALESMAN  | 7698 | 1981-09-28 | 1250.00 | 1400.00 |     30 |
|  7698 | BLAKE  | MANAGER   | 7839 | 1981-05-01 | 2850.00 |    NULL |     30 |
|  7782 | CLARK  | MANAGER   | 7839 | 1981-09-06 | 2450.00 |    NULL |     10 |
|  7788 | SCOTT  | ANALYST   | 7566 | 1982-12-09 | 3000.00 |    NULL |     20 |
|  7839 | KING   | PRESIDENT | NULL | 1981-11-17 | 5000.00 |    NULL |     10 |
|  7844 | TURNER | SALESMAN  | 7698 | 1981-09-08 | 1500.00 |    0.00 |     30 |
|  7876 | ADAMS  | CLERK     | 7788 | 1983-01-12 | 1100.00 |    NULL |     20 |
|  7900 | JAMES  | CLERK     | 7698 | 1981-12-03 |  950.00 |    NULL |     30 |
|  7902 | FORD   | ANALYST   | 7566 | 1981-12-03 | 3000.00 |    NULL |     20 |
|  7934 | MILLER | CLERK     | 7782 | 1982-01-23 | 1300.00 |    NULL |     10 |
|  7902 | FORD   | ANALYST   | NULL | 1981-12-03 | 3000.00 |  200.00 |     20 |
+-------+--------+-----------+------+------------+---------+---------+--------+
15 rows in set (0.00 sec)

mysql> select lower(substr(ename,2)),lower(substr(job,2)) 'String function' from emp;
+------------------------+-----------------+
| lower(substr(ename,2)) | String function |
+------------------------+-----------------+
| mith                   | lerk            |
| llen                   | alesman         |
| ard                    | alesman         |
| ones                   | anager          |
| artin                  | alesman         |
| lake                   | anager          |
| lark                   | anager          |
| cott                   | nalyst          |
| ing                    | resident        |
| urner                  | alesman         |
| dams                   | lerk            |
| ames                   | lerk            |
| ord                    | nalyst          |
| iller                  | lerk            |
| ord                    | nalyst          |
+------------------------+-----------------+
15 rows in set (0.08 sec)

mysql> select ename(lower(substr(ename,2))),job(lower(substr(job,2))) 'String function' from emp;
ERROR 1305 (42000): FUNCTION knowittejasdb.ename does not exist
mysql> select concat(ename,(lower(substr(ename,2)))),concat(job(lower(substr(job,2)))) 'String function' from emp;
ERROR 1305 (42000): FUNCTION knowittejasdb.job does not exist
mysql> select concat(ename,lower(substr(ename,2))),concat(job,lower(substr(job,2))) 'String function' from emp;
+--------------------------------------+-------------------+
| concat(ename,lower(substr(ename,2))) | String function   |
+--------------------------------------+-------------------+
| SMITHmith                            | CLERKlerk         |
| ALLENllen                            | SALESMANalesman   |
| WARDard                              | SALESMANalesman   |
| JONESones                            | MANAGERanager     |
| MARTINartin                          | SALESMANalesman   |
| BLAKElake                            | MANAGERanager     |
| CLARKlark                            | MANAGERanager     |
| SCOTTcott                            | ANALYSTnalyst     |
| KINGing                              | PRESIDENTresident |
| TURNERurner                          | SALESMANalesman   |
| ADAMSdams                            | CLERKlerk         |
| JAMESames                            | CLERKlerk         |
| FORDord                              | ANALYSTnalyst     |
| MILLERiller                          | CLERKlerk         |
| FORDord                              | ANALYSTnalyst     |
+--------------------------------------+-------------------+
15 rows in set (0.00 sec)

mysql> select concat(substr(ename,1,1),lower(substr(ename,2))) 'Ename',concat(substr(job,1,1),lower(substr(job,2))) 'Job' from emp;
+--------+-----------+
| Ename  | Job       |
+--------+-----------+
| Smith  | Clerk     |
| Allen  | Salesman  |
| Ward   | Salesman  |
| Jones  | Manager   |
| Martin | Salesman  |
| Blake  | Manager   |
| Clark  | Manager   |
| Scott  | Analyst   |
| King   | President |
| Turner | Salesman  |
| Adams  | Clerk     |
| James  | Clerk     |
| Ford   | Analyst   |
| Miller | Clerk     |
| Ford   | Analyst   |
+--------+-----------+
15 rows in set (0.00 sec)

mysql> select concat(Upper(substr(ename,1,3)),lower(substr(ename,3))) 'String function' from emp;
+-----------------+
| String function |
+-----------------+
| SMIith          |
| ALLlen          |
| WARrd           |
| JONnes          |
| MARrtin         |
| BLAake          |
| CLAark          |
| SCOott          |
| KINng           |
| TURrner         |
| ADAams          |
| JAMmes          |
| FORrd           |
| MILller         |
| FORrd           |
+-----------------+
15 rows in set (0.00 sec)

mysql> select concat(lower(substr(ename,1,3)),upper(substr(ename,3))) 'String function' from emp;
+-----------------+
| String function |
+-----------------+
| smiITH          |
| allLEN          |
| warRD           |
| jonNES          |
| marRTIN         |
| blaAKE          |
| claARK          |
| scoOTT          |
| kinNG           |
| turRNER         |
| adaAMS          |
| jamMES          |
| forRD           |
| milLLER         |
| forRD           |
+-----------------+
15 rows in set (0.00 sec)

mysql> select strsub(name,length(ename)-3) 'String function' from emp;
ERROR 1305 (42000): FUNCTION knowittejasdb.strsub does not exist
mysql> select substr(name,length(ename)-3) 'String function' from emp;
ERROR 1054 (42S22): Unknown column 'name' in 'field list'
mysql> select substr(ename,length(ename)-3) 'String function' from emp;
+-----------------+
| String function |
+-----------------+
| MITH            |
| LLEN            |
| WARD            |
| ONES            |
| RTIN            |
| LAKE            |
| LARK            |
| COTT            |
| KING            |
| RNER            |
| DAMS            |
| AMES            |
| FORD            |
| LLER            |
| FORD            |
+-----------------+
15 rows in set (0.00 sec)

mysql> select substr(ename,length(ename)-2) 'String function' from emp;
+-----------------+
| String function |
+-----------------+
| ITH             |
| LEN             |
| ARD             |
| NES             |
| TIN             |
| AKE             |
| ARK             |
| OTT             |
| ING             |
| NER             |
| AMS             |
| MES             |
| ORD             |
| LER             |
| ORD             |
+-----------------+
15 rows in set (0.00 sec)

mysql>  select concat(lower(substr(ename,1,3)),lower(substr(job,length(job)-1),'@knowit,com') from emp;
ERROR 1064 (42000): You have an error in your SQL syntax; check the manual that corresponds to your MySQL server version for the right syntax to use near 'from emp' at line 1
mysql>  select concat(lower(substr(ename,1,3)),lower(substr(job,length(job)-1),'@knowit,com') from emp;
ERROR 1064 (42000): You have an error in your SQL syntax; check the manual that corresponds to your MySQL server version for the right syntax to use near 'from emp' at line 1
mysql> select concat( lower(substr(ename,1,3) ),lower(substr(job,length(job)-1) ,'@knowit.com') 'String function' from emp;
ERROR 1064 (42000): You have an error in your SQL syntax; check the manual that corresponds to your MySQL server version for the right syntax to use near 'from emp' at line 1
mysql> select concat(lower(substr(ename,1,3)),lower(substr(job,length(job)-1)),'@knowit.com') 'email' from emp;
+------------------+
| email            |
+------------------+
| smirk@knowit.com |
| allan@knowit.com |
| waran@knowit.com |
| joner@knowit.com |
| maran@knowit.com |
| blaer@knowit.com |
| claer@knowit.com |
| scost@knowit.com |
| kinnt@knowit.com |
| turan@knowit.com |
| adark@knowit.com |
| jamrk@knowit.com |
| forst@knowit.com |
| milrk@knowit.com |
| forst@knowit.com |
+------------------+
15 rows in set (0.00 sec)

mysql>
mysql> select * from emp where datediff(HIREDATE ,curdate)>=40;
ERROR 1054 (42S22): Unknown column 'curdate' in 'where clause'
mysql> select * from emp where datediff(HIREDATE ,curdate())>=40;
Empty set (0.08 sec)

mysql> select * from emp;
+-------+--------+-----------+------+------------+---------+---------+--------+
| EMPNO | ENAME  | JOB       | MGR  | HIREDATE   | SAL     | COMM    | DEPTNO |
+-------+--------+-----------+------+------------+---------+---------+--------+
|  7369 | SMITH  | CLERK     | 7902 | 1980-12-17 |  800.00 |    NULL |     20 |
|  7499 | ALLEN  | SALESMAN  | 7698 | 1981-02-20 | 1600.00 |  300.00 |     30 |
|  7521 | WARD   | SALESMAN  | 7698 | 1981-02-22 | 1250.00 |  500.00 |     30 |
|  7566 | JONES  | MANAGER   | 7839 | 1981-04-02 | 2975.00 |    NULL |     20 |
|  7654 | MARTIN | SALESMAN  | 7698 | 1981-09-28 | 1250.00 | 1400.00 |     30 |
|  7698 | BLAKE  | MANAGER   | 7839 | 1981-05-01 | 2850.00 |    NULL |     30 |
|  7782 | CLARK  | MANAGER   | 7839 | 1981-09-06 | 2450.00 |    NULL |     10 |
|  7788 | SCOTT  | ANALYST   | 7566 | 1982-12-09 | 3000.00 |    NULL |     20 |
|  7839 | KING   | PRESIDENT | NULL | 1981-11-17 | 5000.00 |    NULL |     10 |
|  7844 | TURNER | SALESMAN  | 7698 | 1981-09-08 | 1500.00 |    0.00 |     30 |
|  7876 | ADAMS  | CLERK     | 7788 | 1983-01-12 | 1100.00 |    NULL |     20 |
|  7900 | JAMES  | CLERK     | 7698 | 1981-12-03 |  950.00 |    NULL |     30 |
|  7902 | FORD   | ANALYST   | 7566 | 1981-12-03 | 3000.00 |    NULL |     20 |
|  7934 | MILLER | CLERK     | 7782 | 1982-01-23 | 1300.00 |    NULL |     10 |
|  7902 | FORD   | ANALYST   | NULL | 1981-12-03 | 3000.00 |  200.00 |     20 |
+-------+--------+-----------+------+------------+---------+---------+--------+
15 rows in set (0.00 sec)

mysql> select * from emp where datediff(HIREDATE ,curdate())>=38;
Empty set (0.00 sec)

mysql> select * from emp where datediff(curdate(),hiredate)>=38;
+-------+--------+-----------+------+------------+---------+---------+--------+
| EMPNO | ENAME  | JOB       | MGR  | HIREDATE   | SAL     | COMM    | DEPTNO |
+-------+--------+-----------+------+------------+---------+---------+--------+
|  7369 | SMITH  | CLERK     | 7902 | 1980-12-17 |  800.00 |    NULL |     20 |
|  7499 | ALLEN  | SALESMAN  | 7698 | 1981-02-20 | 1600.00 |  300.00 |     30 |
|  7521 | WARD   | SALESMAN  | 7698 | 1981-02-22 | 1250.00 |  500.00 |     30 |
|  7566 | JONES  | MANAGER   | 7839 | 1981-04-02 | 2975.00 |    NULL |     20 |
|  7654 | MARTIN | SALESMAN  | 7698 | 1981-09-28 | 1250.00 | 1400.00 |     30 |
|  7698 | BLAKE  | MANAGER   | 7839 | 1981-05-01 | 2850.00 |    NULL |     30 |
|  7782 | CLARK  | MANAGER   | 7839 | 1981-09-06 | 2450.00 |    NULL |     10 |
|  7788 | SCOTT  | ANALYST   | 7566 | 1982-12-09 | 3000.00 |    NULL |     20 |
|  7839 | KING   | PRESIDENT | NULL | 1981-11-17 | 5000.00 |    NULL |     10 |
|  7844 | TURNER | SALESMAN  | 7698 | 1981-09-08 | 1500.00 |    0.00 |     30 |
|  7876 | ADAMS  | CLERK     | 7788 | 1983-01-12 | 1100.00 |    NULL |     20 |
|  7900 | JAMES  | CLERK     | 7698 | 1981-12-03 |  950.00 |    NULL |     30 |
|  7902 | FORD   | ANALYST   | 7566 | 1981-12-03 | 3000.00 |    NULL |     20 |
|  7934 | MILLER | CLERK     | 7782 | 1982-01-23 | 1300.00 |    NULL |     10 |
|  7902 | FORD   | ANALYST   | NULL | 1981-12-03 | 3000.00 |  200.00 |     20 |
+-------+--------+-----------+------+------------+---------+---------+--------+
15 rows in set (0.00 sec)

mysql> select * from emp where datediff(curdate(),hiredate)>=40;
+-------+--------+-----------+------+------------+---------+---------+--------+
| EMPNO | ENAME  | JOB       | MGR  | HIREDATE   | SAL     | COMM    | DEPTNO |
+-------+--------+-----------+------+------------+---------+---------+--------+
|  7369 | SMITH  | CLERK     | 7902 | 1980-12-17 |  800.00 |    NULL |     20 |
|  7499 | ALLEN  | SALESMAN  | 7698 | 1981-02-20 | 1600.00 |  300.00 |     30 |
|  7521 | WARD   | SALESMAN  | 7698 | 1981-02-22 | 1250.00 |  500.00 |     30 |
|  7566 | JONES  | MANAGER   | 7839 | 1981-04-02 | 2975.00 |    NULL |     20 |
|  7654 | MARTIN | SALESMAN  | 7698 | 1981-09-28 | 1250.00 | 1400.00 |     30 |
|  7698 | BLAKE  | MANAGER   | 7839 | 1981-05-01 | 2850.00 |    NULL |     30 |
|  7782 | CLARK  | MANAGER   | 7839 | 1981-09-06 | 2450.00 |    NULL |     10 |
|  7788 | SCOTT  | ANALYST   | 7566 | 1982-12-09 | 3000.00 |    NULL |     20 |
|  7839 | KING   | PRESIDENT | NULL | 1981-11-17 | 5000.00 |    NULL |     10 |
|  7844 | TURNER | SALESMAN  | 7698 | 1981-09-08 | 1500.00 |    0.00 |     30 |
|  7876 | ADAMS  | CLERK     | 7788 | 1983-01-12 | 1100.00 |    NULL |     20 |
|  7900 | JAMES  | CLERK     | 7698 | 1981-12-03 |  950.00 |    NULL |     30 |
|  7902 | FORD   | ANALYST   | 7566 | 1981-12-03 | 3000.00 |    NULL |     20 |
|  7934 | MILLER | CLERK     | 7782 | 1982-01-23 | 1300.00 |    NULL |     10 |
|  7902 | FORD   | ANALYST   | NULL | 1981-12-03 | 3000.00 |  200.00 |     20 |
+-------+--------+-----------+------+------------+---------+---------+--------+
15 rows in set (0.00 sec)

mysql> update emp
    -> set salary=salary+(salary*10/100)
    ->  where datediff(HIREDATE ,curdate)>=40;
ERROR 1054 (42S22): Unknown column 'curdate' in 'where clause'
mysql>  where datediff(curdate(), hiredate)>=40;
ERROR 1064 (42000): You have an error in your SQL syntax; check the manual that corresponds to your MySQL server version for the right syntax to use near 'where datediff(curdate(), hiredate)>=40' at line 1
mysql> update emp
    -> set salary=salary+(salary*10/100)
    ->  where datediff(curdate(),hiredate)>=40;
ERROR 1054 (42S22): Unknown column 'salary' in 'field list'
mysql>  update emp
    -> set sal=sal+(sal*10/100)
    ->  where datediff(curdate(),hiredate)>=40;
Query OK, 15 rows affected (0.09 sec)
Rows matched: 15  Changed: 15  Warnings: 0

mysql> select * from emp;
+-------+--------+-----------+------+------------+---------+---------+--------+
| EMPNO | ENAME  | JOB       | MGR  | HIREDATE   | SAL     | COMM    | DEPTNO |
+-------+--------+-----------+------+------------+---------+---------+--------+
|  7369 | SMITH  | CLERK     | 7902 | 1980-12-17 |  880.00 |    NULL |     20 |
|  7499 | ALLEN  | SALESMAN  | 7698 | 1981-02-20 | 1760.00 |  300.00 |     30 |
|  7521 | WARD   | SALESMAN  | 7698 | 1981-02-22 | 1375.00 |  500.00 |     30 |
|  7566 | JONES  | MANAGER   | 7839 | 1981-04-02 | 3272.50 |    NULL |     20 |
|  7654 | MARTIN | SALESMAN  | 7698 | 1981-09-28 | 1375.00 | 1400.00 |     30 |
|  7698 | BLAKE  | MANAGER   | 7839 | 1981-05-01 | 3135.00 |    NULL |     30 |
|  7782 | CLARK  | MANAGER   | 7839 | 1981-09-06 | 2695.00 |    NULL |     10 |
|  7788 | SCOTT  | ANALYST   | 7566 | 1982-12-09 | 3300.00 |    NULL |     20 |
|  7839 | KING   | PRESIDENT | NULL | 1981-11-17 | 5500.00 |    NULL |     10 |
|  7844 | TURNER | SALESMAN  | 7698 | 1981-09-08 | 1650.00 |    0.00 |     30 |
|  7876 | ADAMS  | CLERK     | 7788 | 1983-01-12 | 1210.00 |    NULL |     20 |
|  7900 | JAMES  | CLERK     | 7698 | 1981-12-03 | 1045.00 |    NULL |     30 |
|  7902 | FORD   | ANALYST   | 7566 | 1981-12-03 | 3300.00 |    NULL |     20 |
|  7934 | MILLER | CLERK     | 7782 | 1982-01-23 | 1430.00 |    NULL |     10 |
|  7902 | FORD   | ANALYST   | NULL | 1981-12-03 | 3300.00 |  200.00 |     20 |
+-------+--------+-----------+------+------------+---------+---------+--------+
15 rows in set (0.00 sec)

mysql> select * from emp where sal between 10000 and 30000;
Empty set (0.00 sec)

mysql> select * from emp where sal between 1000 and 3000;
+-------+--------+----------+------+------------+---------+---------+--------+
| EMPNO | ENAME  | JOB      | MGR  | HIREDATE   | SAL     | COMM    | DEPTNO |
+-------+--------+----------+------+------------+---------+---------+--------+
|  7499 | ALLEN  | SALESMAN | 7698 | 1981-02-20 | 1760.00 |  300.00 |     30 |
|  7521 | WARD   | SALESMAN | 7698 | 1981-02-22 | 1375.00 |  500.00 |     30 |
|  7654 | MARTIN | SALESMAN | 7698 | 1981-09-28 | 1375.00 | 1400.00 |     30 |
|  7782 | CLARK  | MANAGER  | 7839 | 1981-09-06 | 2695.00 |    NULL |     10 |
|  7844 | TURNER | SALESMAN | 7698 | 1981-09-08 | 1650.00 |    0.00 |     30 |
|  7876 | ADAMS  | CLERK    | 7788 | 1983-01-12 | 1210.00 |    NULL |     20 |
|  7900 | JAMES  | CLERK    | 7698 | 1981-12-03 | 1045.00 |    NULL |     30 |
|  7934 | MILLER | CLERK    | 7782 | 1982-01-23 | 1430.00 |    NULL |     10 |
+-------+--------+----------+------+------------+---------+---------+--------+
8 rows in set (0.00 sec)

mysql> select lpad(ename,10,'*') 'Ename',rpad(job,9,'*') 'Job' from emp;
+------------+-----------+
| Ename      | Job       |
+------------+-----------+
| *****SMITH | CLERK**** |
| *****ALLEN | SALESMAN* |
| ******WARD | SALESMAN* |
| *****JONES | MANAGER** |
| ****MARTIN | SALESMAN* |
| *****BLAKE | MANAGER** |
| *****CLARK | MANAGER** |
| *****SCOTT | ANALYST** |
| ******KING | PRESIDENT |
| ****TURNER | SALESMAN* |
| *****ADAMS | CLERK**** |
| *****JAMES | CLERK**** |
| ******FORD | ANALYST** |
| ****MILLER | CLERK**** |
| ******FORD | ANALYST** |
+------------+-----------+
15 rows in set (0.09 sec)

mysql> select concat('Hello ',
    ->                upper(substr(ename,1,1)),
    ->                lower(substr(ename,2)),
    ->                ' !') 'EName'
    ->         from emp
    ->         where COMM >0;
+----------------+
| EName          |
+----------------+
| Hello Allen !  |
| Hello Ward !   |
| Hello Martin ! |
| Hello Ford !   |
+----------------+
4 rows in set (0.00 sec)

mysql> select concat(ename,
    ->               ' is a ',
    ->               lower(job)) 'Ename with Job' from emp;
+----------------------+
| Ename with Job       |
+----------------------+
| SMITH is a clerk     |
| ALLEN is a salesman  |
| WARD is a salesman   |
| JONES is a manager   |
| MARTIN is a salesman |
| BLAKE is a manager   |
| CLARK is a manager   |
| SCOTT is a analyst   |
| KING is a president  |
| TURNER is a salesman |
| ADAMS is a clerk     |
| JAMES is a clerk     |
| FORD is a analyst    |
| MILLER is a clerk    |
| FORD is a analyst    |
+----------------------+
15 rows in set (0.00 sec)

mysql> select * from emp;
+-------+--------+-----------+------+------------+---------+---------+--------+
| EMPNO | ENAME  | JOB       | MGR  | HIREDATE   | SAL     | COMM    | DEPTNO |
+-------+--------+-----------+------+------------+---------+---------+--------+
|  7369 | SMITH  | CLERK     | 7902 | 1980-12-17 |  880.00 |    NULL |     20 |
|  7499 | ALLEN  | SALESMAN  | 7698 | 1981-02-20 | 1760.00 |  300.00 |     30 |
|  7521 | WARD   | SALESMAN  | 7698 | 1981-02-22 | 1375.00 |  500.00 |     30 |
|  7566 | JONES  | MANAGER   | 7839 | 1981-04-02 | 3272.50 |    NULL |     20 |
|  7654 | MARTIN | SALESMAN  | 7698 | 1981-09-28 | 1375.00 | 1400.00 |     30 |
|  7698 | BLAKE  | MANAGER   | 7839 | 1981-05-01 | 3135.00 |    NULL |     30 |
|  7782 | CLARK  | MANAGER   | 7839 | 1981-09-06 | 2695.00 |    NULL |     10 |
|  7788 | SCOTT  | ANALYST   | 7566 | 1982-12-09 | 3300.00 |    NULL |     20 |
|  7839 | KING   | PRESIDENT | NULL | 1981-11-17 | 5500.00 |    NULL |     10 |
|  7844 | TURNER | SALESMAN  | 7698 | 1981-09-08 | 1650.00 |    0.00 |     30 |
|  7876 | ADAMS  | CLERK     | 7788 | 1983-01-12 | 1210.00 |    NULL |     20 |
|  7900 | JAMES  | CLERK     | 7698 | 1981-12-03 | 1045.00 |    NULL |     30 |
|  7902 | FORD   | ANALYST   | 7566 | 1981-12-03 | 3300.00 |    NULL |     20 |
|  7934 | MILLER | CLERK     | 7782 | 1982-01-23 | 1430.00 |    NULL |     10 |
|  7902 | FORD   | ANALYST   | NULL | 1981-12-03 | 3300.00 |  200.00 |     20 |
+-------+--------+-----------+------+------------+---------+---------+--------+
15 rows in set (0.00 sec)

mysql> select lpad(ename,10,'*') 'Ename',rpad(job,9,'*') 'Job' from emp;select concat(empno, ', ',
+------------+-----------+
| Ename      | Job       |
+------------+-----------+
| *****SMITH | CLERK**** |
| *****ALLEN | SALESMAN* |
| ******WARD | SALESMAN* |
| *****JONES | MANAGER** |
| ****MARTIN | SALESMAN* |
| *****BLAKE | MANAGER** |
| *****CLARK | MANAGER** |
| *****SCOTT | ANALYST** |
| ******KING | PRESIDENT |
| ****TURNER | SALESMAN* |
| *****ADAMS | CLERK**** |
| *****JAMES | CLERK**** |
| ******FORD | ANALYST** |
| ****MILLER | CLERK**** |
| ******FORD | ANALYST** |
+------------+-----------+
15 rows in set (0.00 sec)

    ->               ename, ', ',
    ->               job,', ',
    ->               mgr,', ',
    ->               hiredate,', ',
    ->               sal,', ',
    ->               comm,', ',
    ->               daptno) "Emp_Info' from emp;
    "> ^C
mysql>
mysql> select concat(empno, ', ',
    ->               ename, ', ',
    ->               job,', ',
    ->               mgr,', ',
    ->               hiredate,', ',
    ->               sal,', ',
    ->               comm,', ',
    ->               daptno) "Emp_Info' from emp;
    ">
    "> ^C
mysql>
mysql> select concat(empno, ', ',
    ->               ename, ', ',
    ->               job,', ',
    ->               mgr,', ',
    ->               hiredate,', ',
    ->               sal,', ',
    ->               comm,', ',
    ->               daptno) 'Emp_Info' from emp;
ERROR 1054 (42S22): Unknown column 'daptno' in 'field list'
mysql> select concat(empno, ', ',
    ->               ename, ', ',
    ->               job,', ',
    ->               mgr,', ',
    ->               hiredate,', ',
    ->               sal,', ',
    ->               comm,', ',
    ->               deptno) 'Emp_Info' from emp;
+----------------------------------------------------------------+
| Emp_Info                                                       |
+----------------------------------------------------------------+
| NULL                                                           |
| 7499, ALLEN, SALESMAN, 7698, 1981-02-20, 1760.00, 300.00, 30   |
| 7521, WARD, SALESMAN, 7698, 1981-02-22, 1375.00, 500.00, 30    |
| NULL                                                           |
| 7654, MARTIN, SALESMAN, 7698, 1981-09-28, 1375.00, 1400.00, 30 |
| NULL                                                           |
| NULL                                                           |
| NULL                                                           |
| NULL                                                           |
| 7844, TURNER, SALESMAN, 7698, 1981-09-08, 1650.00, 0.00, 30    |
| NULL                                                           |
| NULL                                                           |
| NULL                                                           |
| NULL                                                           |
| NULL                                                           |
+----------------------------------------------------------------+
15 rows in set (0.00 sec)

mysql> select * from emp;
+-------+--------+-----------+------+------------+---------+---------+--------+
| EMPNO | ENAME  | JOB       | MGR  | HIREDATE   | SAL     | COMM    | DEPTNO |
+-------+--------+-----------+------+------------+---------+---------+--------+
|  7369 | SMITH  | CLERK     | 7902 | 1980-12-17 |  880.00 |    NULL |     20 |
|  7499 | ALLEN  | SALESMAN  | 7698 | 1981-02-20 | 1760.00 |  300.00 |     30 |
|  7521 | WARD   | SALESMAN  | 7698 | 1981-02-22 | 1375.00 |  500.00 |     30 |
|  7566 | JONES  | MANAGER   | 7839 | 1981-04-02 | 3272.50 |    NULL |     20 |
|  7654 | MARTIN | SALESMAN  | 7698 | 1981-09-28 | 1375.00 | 1400.00 |     30 |
|  7698 | BLAKE  | MANAGER   | 7839 | 1981-05-01 | 3135.00 |    NULL |     30 |
|  7782 | CLARK  | MANAGER   | 7839 | 1981-09-06 | 2695.00 |    NULL |     10 |
|  7788 | SCOTT  | ANALYST   | 7566 | 1982-12-09 | 3300.00 |    NULL |     20 |
|  7839 | KING   | PRESIDENT | NULL | 1981-11-17 | 5500.00 |    NULL |     10 |
|  7844 | TURNER | SALESMAN  | 7698 | 1981-09-08 | 1650.00 |    0.00 |     30 |
|  7876 | ADAMS  | CLERK     | 7788 | 1983-01-12 | 1210.00 |    NULL |     20 |
|  7900 | JAMES  | CLERK     | 7698 | 1981-12-03 | 1045.00 |    NULL |     30 |
|  7902 | FORD   | ANALYST   | 7566 | 1981-12-03 | 3300.00 |    NULL |     20 |
|  7934 | MILLER | CLERK     | 7782 | 1982-01-23 | 1430.00 |    NULL |     10 |
|  7902 | FORD   | ANALYST   | NULL | 1981-12-03 | 3300.00 |  200.00 |     20 |
+-------+--------+-----------+------+------------+---------+---------+--------+
15 rows in set (0.00 sec)

mysql> select * from emp
    -> where deptno in(10,30) or
    -> date_format(hiredate,"%y")=1982;
+-------+--------+-----------+------+------------+---------+---------+--------+
| EMPNO | ENAME  | JOB       | MGR  | HIREDATE   | SAL     | COMM    | DEPTNO |
+-------+--------+-----------+------+------------+---------+---------+--------+
|  7499 | ALLEN  | SALESMAN  | 7698 | 1981-02-20 | 1760.00 |  300.00 |     30 |
|  7521 | WARD   | SALESMAN  | 7698 | 1981-02-22 | 1375.00 |  500.00 |     30 |
|  7654 | MARTIN | SALESMAN  | 7698 | 1981-09-28 | 1375.00 | 1400.00 |     30 |
|  7698 | BLAKE  | MANAGER   | 7839 | 1981-05-01 | 3135.00 |    NULL |     30 |
|  7782 | CLARK  | MANAGER   | 7839 | 1981-09-06 | 2695.00 |    NULL |     10 |
|  7839 | KING   | PRESIDENT | NULL | 1981-11-17 | 5500.00 |    NULL |     10 |
|  7844 | TURNER | SALESMAN  | 7698 | 1981-09-08 | 1650.00 |    0.00 |     30 |
|  7900 | JAMES  | CLERK     | 7698 | 1981-12-03 | 1045.00 |    NULL |     30 |
|  7934 | MILLER | CLERK     | 7782 | 1982-01-23 | 1430.00 |    NULL |     10 |
+-------+--------+-----------+------+------------+---------+---------+--------+
9 rows in set (0.00 sec)

mysql> select max(sal) from emp;
+----------+
| max(sal) |
+----------+
|  5500.00 |
+----------+
1 row in set (0.01 sec)

mysql> select min(sal) from emp;
+----------+
| min(sal) |
+----------+
|   880.00 |
+----------+
1 row in set (0.00 sec)

mysql> select sum(sal) from emp;
+----------+
| sum(sal) |
+----------+
| 35227.50 |
+----------+
1 row in set (0.00 sec)

mysql> select ename,max(sal) from emp where deptno=10;
ERROR 1140 (42000): In aggregated query without GROUP BY, expression #1 of SELECT list contains nonaggregated column 'knowittejasdb.emp.ENAME'; this is incompatible with sql_mode=only_full_group_by
mysql> select ename, max(sal) from emp where deptno=10;
ERROR 1140 (42000): In aggregated query without GROUP BY, expression #1 of SELECT list contains nonaggregated column 'knowittejasdb.emp.ENAME'; this is incompatible with sql_mode=only_full_group_by
mysql> select ename, max(sal) from emp where deptno=10 groupby sal;
ERROR 1064 (42000): You have an error in your SQL syntax; check the manual that corresponds to your MySQL server version for the right syntax to use near 'groupby sal' at line 1
mysql> select ename, max(sal) from emp where deptno=10 group by sal;
ERROR 1055 (42000): Expression #1 of SELECT list is not in GROUP BY clause and contains nonaggregated column 'knowittejasdb.emp.ENAME' which is not functionally dependent on columns in GROUP BY clause; this is incompatible with sql_mode=only_full_group_by
mysql> select ename, max(sal) from emp where deptno=10 group by ename;
+--------+----------+
| ename  | max(sal) |
+--------+----------+
| CLARK  |  2695.00 |
| KING   |  5500.00 |
| MILLER |  1430.00 |
+--------+----------+
3 rows in set (0.01 sec)

mysql> select ename, max(sal) from emp where deptno=10 group by ename and sal;
ERROR 1055 (42000): Expression #1 of SELECT list is not in GROUP BY clause and contains nonaggregated column 'knowittejasdb.emp.ENAME' which is not functionally dependent on columns in GROUP BY clause; this is incompatible with sql_mode=only_full_group_by
mysql> select ename, max(sal) from emp where deptno=10 group by ename;
+--------+----------+
| ename  | max(sal) |
+--------+----------+
| CLARK  |  2695.00 |
| KING   |  5500.00 |
| MILLER |  1430.00 |
+--------+----------+
3 rows in set (0.00 sec)

mysql> select ename, max(sal) from emp where deptno=10 group by ename limit 1;
+-------+----------+
| ename | max(sal) |
+-------+----------+
| CLARK |  2695.00 |
+-------+----------+
1 row in set (0.00 sec)

mysql> select ename, deptno, hiredate
    -> from emp
    -> where hiredate between '1981-01-01' and '1983-03-31'
    -> group by ename
    -> order by hiredate;
ERROR 1055 (42000): Expression #2 of SELECT list is not in GROUP BY clause and contains nonaggregated column 'knowittejasdb.emp.DEPTNO' which is not functionally dependent on columns in GROUP BY clause; this is incompatible with sql_mode=only_full_group_by
mysql> select ename, deptno, hiredate
    -> from emp
    -> where hiredate between '1981-01-01' and '1983-03-31'
    -> group by deptno
    -> order by hiredate;
ERROR 1055 (42000): Expression #1 of SELECT list is not in GROUP BY clause and contains nonaggregated column 'knowittejasdb.emp.ENAME' which is not functionally dependent on columns in GROUP BY clause; this is incompatible with sql_mode=only_full_group_by
mysql> select ename, deptno, hiredate
    -> from emp
    -> where hiredate between '1981-01-01' and '1983-03-31'
    -> order by hiredate;
+--------+--------+------------+
| ename  | deptno | hiredate   |
+--------+--------+------------+
| ALLEN  |     30 | 1981-02-20 |
| WARD   |     30 | 1981-02-22 |
| JONES  |     20 | 1981-04-02 |
| BLAKE  |     30 | 1981-05-01 |
| CLARK  |     10 | 1981-09-06 |
| TURNER |     30 | 1981-09-08 |
| MARTIN |     30 | 1981-09-28 |
| KING   |     10 | 1981-11-17 |
| JAMES  |     30 | 1981-12-03 |
| FORD   |     20 | 1981-12-03 |
| FORD   |     20 | 1981-12-03 |
| MILLER |     10 | 1982-01-23 |
| SCOTT  |     20 | 1982-12-09 |
| ADAMS  |     20 | 1983-01-12 |
+--------+--------+------------+
14 rows in set (0.00 sec)

mysql> select date_format(hiredate,"%y") 'HireDate'
    -> from emp;
+----------+
| HireDate |
+----------+
| 80       |
| 81       |
| 81       |
| 81       |
| 81       |
| 81       |
| 81       |
| 82       |
| 81       |
| 81       |
| 83       |
| 81       |
| 81       |
| 82       |
| 81       |
+----------+
15 rows in set (0.00 sec)

mysql> select date_format(hiredate,"%Y") 'HireDate' from emp;
+----------+
| HireDate |
+----------+
| 1980     |
| 1981     |
| 1981     |
| 1981     |
| 1981     |
| 1981     |
| 1981     |
| 1982     |
| 1981     |
| 1981     |
| 1983     |
| 1981     |
| 1981     |
| 1982     |
| 1981     |
+----------+
15 rows in set (0.00 sec)

mysql> select date_format(hiredate,"%m") 'HireDate' from emp;
+----------+
| HireDate |
+----------+
| 12       |
| 02       |
| 02       |
| 04       |
| 09       |
| 05       |
| 09       |
| 12       |
| 11       |
| 09       |
| 01       |
| 12       |
| 12       |
| 01       |
| 12       |
+----------+
15 rows in set (0.00 sec)

mysql> select count(emp) from emp where comm>0;
ERROR 1054 (42S22): Unknown column 'emp' in 'field list'
mysql> select count(ename) from emp where comm>0;
+--------------+
| count(ename) |
+--------------+
|            4 |
+--------------+
1 row in set (0.00 sec)

mysql> select sum(sal) from emp;
+----------+
| sum(sal) |
+----------+
| 35227.50 |
+----------+
1 row in set (0.00 sec)

mysql> select * from emp where comm is null;
+-------+--------+-----------+------+------------+---------+------+--------+
| EMPNO | ENAME  | JOB       | MGR  | HIREDATE   | SAL     | COMM | DEPTNO |
+-------+--------+-----------+------+------------+---------+------+--------+
|  7369 | SMITH  | CLERK     | 7902 | 1980-12-17 |  880.00 | NULL |     20 |
|  7566 | JONES  | MANAGER   | 7839 | 1981-04-02 | 3272.50 | NULL |     20 |
|  7698 | BLAKE  | MANAGER   | 7839 | 1981-05-01 | 3135.00 | NULL |     30 |
|  7782 | CLARK  | MANAGER   | 7839 | 1981-09-06 | 2695.00 | NULL |     10 |
|  7788 | SCOTT  | ANALYST   | 7566 | 1982-12-09 | 3300.00 | NULL |     20 |
|  7839 | KING   | PRESIDENT | NULL | 1981-11-17 | 5500.00 | NULL |     10 |
|  7876 | ADAMS  | CLERK     | 7788 | 1983-01-12 | 1210.00 | NULL |     20 |
|  7900 | JAMES  | CLERK     | 7698 | 1981-12-03 | 1045.00 | NULL |     30 |
|  7902 | FORD   | ANALYST   | 7566 | 1981-12-03 | 3300.00 | NULL |     20 |
|  7934 | MILLER | CLERK     | 7782 | 1982-01-23 | 1430.00 | NULL |     10 |
+-------+--------+-----------+------+------------+---------+------+--------+
10 rows in set (0.00 sec)

mysql> select * from emp where deptno in(20,30) ans comm is null;
ERROR 1064 (42000): You have an error in your SQL syntax; check the manual that corresponds to your MySQL server version for the right syntax to use near 'ans comm is null' at line 1
mysql> select * from emp where deptno in(20,30) and comm is null;
+-------+-------+---------+------+------------+---------+------+--------+
| EMPNO | ENAME | JOB     | MGR  | HIREDATE   | SAL     | COMM | DEPTNO |
+-------+-------+---------+------+------------+---------+------+--------+
|  7369 | SMITH | CLERK   | 7902 | 1980-12-17 |  880.00 | NULL |     20 |
|  7566 | JONES | MANAGER | 7839 | 1981-04-02 | 3272.50 | NULL |     20 |
|  7698 | BLAKE | MANAGER | 7839 | 1981-05-01 | 3135.00 | NULL |     30 |
|  7788 | SCOTT | ANALYST | 7566 | 1982-12-09 | 3300.00 | NULL |     20 |
|  7876 | ADAMS | CLERK   | 7788 | 1983-01-12 | 1210.00 | NULL |     20 |
|  7900 | JAMES | CLERK   | 7698 | 1981-12-03 | 1045.00 | NULL |     30 |
|  7902 | FORD  | ANALYST | 7566 | 1981-12-03 | 3300.00 | NULL |     20 |
+-------+-------+---------+------+------------+---------+------+--------+
7 rows in set (0.00 sec)

mysql> select count(ename) from emp where deptno in(20,30);
+--------------+
| count(ename) |
+--------------+
|           12 |
+--------------+
1 row in set (0.00 sec)

mysql> select * from emp
    -> where (deptno in(20,30)) and
    -> (job= 'clerk' or 'analyst') and
    -> sal>=1000;
+-------+-------+-------+------+------------+---------+------+--------+
| EMPNO | ENAME | JOB   | MGR  | HIREDATE   | SAL     | COMM | DEPTNO |
+-------+-------+-------+------+------------+---------+------+--------+
|  7876 | ADAMS | CLERK | 7788 | 1983-01-12 | 1210.00 | NULL |     20 |
|  7900 | JAMES | CLERK | 7698 | 1981-12-03 | 1045.00 | NULL |     30 |
+-------+-------+-------+------+------------+---------+------+--------+
2 rows in set, 1 warning (0.00 sec)

mysql> select * from emp
    -> where mod(sal,3)=0;
+-------+--------+----------+------+------------+---------+--------+--------+
| EMPNO | ENAME  | JOB      | MGR  | HIREDATE   | SAL     | COMM   | DEPTNO |
+-------+--------+----------+------+------------+---------+--------+--------+
|  7698 | BLAKE  | MANAGER  | 7839 | 1981-05-01 | 3135.00 |   NULL |     30 |
|  7788 | SCOTT  | ANALYST  | 7566 | 1982-12-09 | 3300.00 |   NULL |     20 |
|  7844 | TURNER | SALESMAN | 7698 | 1981-09-08 | 1650.00 |   0.00 |     30 |
|  7902 | FORD   | ANALYST  | 7566 | 1981-12-03 | 3300.00 |   NULL |     20 |
|  7902 | FORD   | ANALYST  | NULL | 1981-12-03 | 3300.00 | 200.00 |     20 |
+-------+--------+----------+------+------------+---------+--------+--------+
5 rows in set (0.00 sec)

mysql> select * from emp
    -> where (deptno Not in(20,30)) and
    -> (job= 'managers' or 'clerks') and
    -> sal>=2000;
Empty set, 1 warning (0.00 sec)

mysql> select * from emp;
+-------+--------+-----------+------+------------+---------+---------+--------+
| EMPNO | ENAME  | JOB       | MGR  | HIREDATE   | SAL     | COMM    | DEPTNO |
+-------+--------+-----------+------+------------+---------+---------+--------+
|  7369 | SMITH  | CLERK     | 7902 | 1980-12-17 |  880.00 |    NULL |     20 |
|  7499 | ALLEN  | SALESMAN  | 7698 | 1981-02-20 | 1760.00 |  300.00 |     30 |
|  7521 | WARD   | SALESMAN  | 7698 | 1981-02-22 | 1375.00 |  500.00 |     30 |
|  7566 | JONES  | MANAGER   | 7839 | 1981-04-02 | 3272.50 |    NULL |     20 |
|  7654 | MARTIN | SALESMAN  | 7698 | 1981-09-28 | 1375.00 | 1400.00 |     30 |
|  7698 | BLAKE  | MANAGER   | 7839 | 1981-05-01 | 3135.00 |    NULL |     30 |
|  7782 | CLARK  | MANAGER   | 7839 | 1981-09-06 | 2695.00 |    NULL |     10 |
|  7788 | SCOTT  | ANALYST   | 7566 | 1982-12-09 | 3300.00 |    NULL |     20 |
|  7839 | KING   | PRESIDENT | NULL | 1981-11-17 | 5500.00 |    NULL |     10 |
|  7844 | TURNER | SALESMAN  | 7698 | 1981-09-08 | 1650.00 |    0.00 |     30 |
|  7876 | ADAMS  | CLERK     | 7788 | 1983-01-12 | 1210.00 |    NULL |     20 |
|  7900 | JAMES  | CLERK     | 7698 | 1981-12-03 | 1045.00 |    NULL |     30 |
|  7902 | FORD   | ANALYST   | 7566 | 1981-12-03 | 3300.00 |    NULL |     20 |
|  7934 | MILLER | CLERK     | 7782 | 1982-01-23 | 1430.00 |    NULL |     10 |
|  7902 | FORD   | ANALYST   | NULL | 1981-12-03 | 3300.00 |  200.00 |     20 |
+-------+--------+-----------+------+------------+---------+---------+--------+
15 rows in set (0.00 sec)

mysql> SELECT curdate(), DATE_SUB(curdate(),INTERVAL DAYOFMONTH(curdate())- 1 DAY) ;
+------------+-----------------------------------------------------------+
| curdate()  | DATE_SUB(curdate(),INTERVAL DAYOFMONTH(curdate())- 1 DAY) |
+------------+-----------------------------------------------------------+
| 2024-10-03 | 2024-10-01                                                |
+------------+-----------------------------------------------------------+
1 row in set (0.01 sec)

mysql> select DATE_SUB(curdate(),INTERVAL 3 month - 1 DAY)
    -> ;
ERROR 1064 (42000): You have an error in your SQL syntax; check the manual that corresponds to your MySQL server version for the right syntax to use near '- 1 DAY)' at line 1
mysql> select DATE_SUB(curdate(),INTERVAL 3 month  DAYOFMONTH(curdate()) - 1 DAY);
ERROR 1064 (42000): You have an error in your SQL syntax; check the manual that corresponds to your MySQL server version for the right syntax to use near 'DAYOFMONTH(curdate()) - 1 DAY)' at line 1
mysql> SELECT curdate(), DATE_SUB(curdate(),INTERVAL DAYOFMONTH(Interval 3 months)- 1 DAY) ;
ERROR 1064 (42000): You have an error in your SQL syntax; check the manual that corresponds to your MySQL server version for the right syntax to use near 'months)- 1 DAY)' at line 1
mysql> SELECT curdate(), DATE_SUB(curdate(),INTERVAL DAYOFMONTH(Interval - 3 Month)- 1 DAY) ;
ERROR 1064 (42000): You have an error in your SQL syntax; check the manual that corresponds to your MySQL server version for the right syntax to use near ')- 1 DAY)' at line 1
mysql> SELECT curdate(), DATE_SUB(curdate(),INTERVAL DAYOFMONTH(Interval -3 Month)- 1 DAY) ;
ERROR 1064 (42000): You have an error in your SQL syntax; check the manual that corresponds to your MySQL server version for the right syntax to use near ')- 1 DAY)' at line 1
mysql> SELECT curdate(), DATE_SUB(curdate(),INTERVAL DAYOFMONTH(date_add(curdate, Interval - 3 Month))- 1 DAY) ;
ERROR 1054 (42S22): Unknown column 'curdate' in 'field list'
mysql> SELECT curdate(), DATE_SUB(curdate(),INTERVAL DAYOFMONTH(date_add(curdate(), Interval - 3 Month))- 1 DAY) ;
+------------+-----------------------------------------------------------------------------------------+
| curdate()  | DATE_SUB(curdate(),INTERVAL DAYOFMONTH(date_add(curdate(), Interval - 3 Month))- 1 DAY) |
+------------+-----------------------------------------------------------------------------------------+
| 2024-10-03 | 2024-10-01                                                                              |
+------------+-----------------------------------------------------------------------------------------+
1 row in set (0.00 sec)

mysql> SELECT curdate(), DATE_SUB(curdate(),INTERVAL DAYOFMONTH(date_add(curdate(), Interval -3 Month))- 1 DAY) ;
+------------+----------------------------------------------------------------------------------------+
| curdate()  | DATE_SUB(curdate(),INTERVAL DAYOFMONTH(date_add(curdate(), Interval -3 Month))- 1 DAY) |
+------------+----------------------------------------------------------------------------------------+
| 2024-10-03 | 2024-10-01                                                                             |
+------------+----------------------------------------------------------------------------------------+
1 row in set (0.00 sec)

mysql> SELECT DATE_SUB(curdate(),INTERVAL DAYOFMONTH(date_add(curdate(), Interval -3 Month))- 1 DAY) ;
+----------------------------------------------------------------------------------------+
| DATE_SUB(curdate(),INTERVAL DAYOFMONTH(date_add(curdate(), Interval -3 Month))- 1 DAY) |
+----------------------------------------------------------------------------------------+
| 2024-10-01                                                                             |
+----------------------------------------------------------------------------------------+
1 row in set (0.00 sec)

mysql> SELECT date_add((date_add(curdate, Interval - 3 Month)),INTERVAL DAYOFMONTH- 1 DAY) ;
ERROR 1054 (42S22): Unknown column 'curdate' in 'field list'
mysql> SELECT date_add((date_add(curdate(), Interval - 3 Month)),INTERVAL DAYOFMONTH- 1 DAY) ;
ERROR 1054 (42S22): Unknown column 'DAYOFMONTH' in 'field list'
mysql> SELECT date_add((date_add(curdate(), Interval - 3 Month)),INTERVAL DAYOFMONTH- 1 DAY) ;
ERROR 1054 (42S22): Unknown column 'DAYOFMONTH' in 'field list'
mysql> SELECT INTERVAL DAYOFMONTH(date_add(curdate(), Interval - 3 Month))- 1 DAY) ;
ERROR 1064 (42000): You have an error in your SQL syntax; check the manual that corresponds to your MySQL server version for the right syntax to use near ')' at line 1
mysql> SELECT INTERVAL DAYOFMONTH(date_add(curdate(), Interval - 3 Month))- 1 DAY)) ;
ERROR 1064 (42000): You have an error in your SQL syntax; check the manual that corresponds to your MySQL server version for the right syntax to use near '))' at line 1
mysql>
mysql> SELECT INTERVAL DAYOFMONTH(date_add(curdate(), Interval - 3 Month)- 1 DAY) ;
ERROR 1064 (42000): You have an error in your SQL syntax; check the manual that corresponds to your MySQL server version for the right syntax to use near '' at line 1
mysql> SELECT DATE_SUB(INTERVAL DAYOFMONTH(date_add(curdate(), Interval - 3 Month)- 1 DAY) );
ERROR 1064 (42000): You have an error in your SQL syntax; check the manual that corresponds to your MySQL server version for the right syntax to use near ')' at line 1
mysql> SELECT DATE_SUB(INTERVAL DAYOFMONTH(sub_date(curdate(), Interval - 3 Month)- 1 DAY) );
ERROR 1064 (42000): You have an error in your SQL syntax; check the manual that corresponds to your MySQL server version for the right syntax to use near ')- 1 DAY) )' at line 1
mysql> SELECT DATE_SUB(
    -> INTERVAL DAYOFMONTH(sub_date
    -> (curdate(), Interval - 3 Month))- 1 DAY );
ERROR 1064 (42000): You have an error in your SQL syntax; check the manual that corresponds to your MySQL server version for the right syntax to use near '))- 1 DAY )' at line 3
mysql> select last_day(date_add(curdate() , interval -4 month))+1 day;
+----------+
| day      |
+----------+
| 20240631 |
+----------+
1 row in set (0.00 sec)

mysql> select date_add(last_day(
    -> date_add(curdate() , interval -4 month)),interval +1 day;
ERROR 1064 (42000): You have an error in your SQL syntax; check the manual that corresponds to your MySQL server version for the right syntax to use near '' at line 2
mysql> date_add(curdate() , interval -4 month)),interval +1 day);
ERROR 1064 (42000): You have an error in your SQL syntax; check the manual that corresponds to your MySQL server version for the right syntax to use near 'date_add(curdate() , interval -4 month)),interval +1 day)' at line 1
mysql> select date_add(last_day(
    -> date_add(curdate() , interval -4 month)),interval +1 day);
+------------------------------------------------------------------------------+
| date_add(last_day(
date_add(curdate() , interval -4 month)),interval +1 day) |
+------------------------------------------------------------------------------+
| 2024-07-01                                                                   |
+------------------------------------------------------------------------------+
1 row in set (0.00 sec)

mysql> date_add(curdate() , interval -4 month)),interval +1 day) 'Day1 of three month ago';
ERROR 1064 (42000): You have an error in your SQL syntax; check the manual that corresponds to your MySQL server version for the right syntax to use near 'date_add(curdate() , interval -4 month)),interval +1 day) 'Day1 of three month a' at line 1
mysql> select date_add(last_day(
    -> date_add(curdate() , interval -4 month)),interval +1 day) 'Day1 of three month ago';
+-------------------------+
| Day1 of three month ago |
+-------------------------+
| 2024-07-01              |
+-------------------------+
1 row in set (0.00 sec)

mysql> select last_day(
    -> date_add(curdate() , interval -3 month)) 'Last Date';
+------------+
| Last Date  |
+------------+
| 2024-07-31 |
+------------+
1 row in set (0.00 sec)

mysql> select * from emp;
+-------+--------+-----------+------+------------+---------+---------+--------+
| EMPNO | ENAME  | JOB       | MGR  | HIREDATE   | SAL     | COMM    | DEPTNO |
+-------+--------+-----------+------+------------+---------+---------+--------+
|  7369 | SMITH  | CLERK     | 7902 | 1980-12-17 |  880.00 |    NULL |     20 |
|  7499 | ALLEN  | SALESMAN  | 7698 | 1981-02-20 | 1760.00 |  300.00 |     30 |
|  7521 | WARD   | SALESMAN  | 7698 | 1981-02-22 | 1375.00 |  500.00 |     30 |
|  7566 | JONES  | MANAGER   | 7839 | 1981-04-02 | 3272.50 |    NULL |     20 |
|  7654 | MARTIN | SALESMAN  | 7698 | 1981-09-28 | 1375.00 | 1400.00 |     30 |
|  7698 | BLAKE  | MANAGER   | 7839 | 1981-05-01 | 3135.00 |    NULL |     30 |
|  7782 | CLARK  | MANAGER   | 7839 | 1981-09-06 | 2695.00 |    NULL |     10 |
|  7788 | SCOTT  | ANALYST   | 7566 | 1982-12-09 | 3300.00 |    NULL |     20 |
|  7839 | KING   | PRESIDENT | NULL | 1981-11-17 | 5500.00 |    NULL |     10 |
|  7844 | TURNER | SALESMAN  | 7698 | 1981-09-08 | 1650.00 |    0.00 |     30 |
|  7876 | ADAMS  | CLERK     | 7788 | 1983-01-12 | 1210.00 |    NULL |     20 |
|  7900 | JAMES  | CLERK     | 7698 | 1981-12-03 | 1045.00 |    NULL |     30 |
|  7902 | FORD   | ANALYST   | 7566 | 1981-12-03 | 3300.00 |    NULL |     20 |
|  7934 | MILLER | CLERK     | 7782 | 1982-01-23 | 1430.00 |    NULL |     10 |
|  7902 | FORD   | ANALYST   | NULL | 1981-12-03 | 3300.00 |  200.00 |     20 |
+-------+--------+-----------+------+------------+---------+---------+--------+
15 rows in set (0.00 sec)

mysql> select distinct hiredate from emp
    -> where dayofweek(exctact(day from hiredate))=1;
ERROR 1064 (42000): You have an error in your SQL syntax; check the manual that corresponds to your MySQL server version for the right syntax to use near 'from hiredate))=1' at line 2
mysql> select date_add(last_day(date_add(year(now()),interval -1 year))),Interval +1Day) 'Day 1 of the year';
ERROR 1064 (42000): You have an error in your SQL syntax; check the manual that corresponds to your MySQL server version for the right syntax to use near '),Interval +1Day) 'Day 1 of the year'' at line 1
mysql> select date_add(
    ->                 last_day(
    ->                          date_add(year(now()),interval -1 year)
    ->                          ),Interval +1Day) 'Day 1 of the year';
ERROR 1064 (42000): You have an error in your SQL syntax; check the manual that corresponds to your MySQL server version for the right syntax to use near ') 'Day 1 of the year'' at line 4
mysql> select date_add(
    ->                 last_day(
    ->                          date_add(year(now()),interval -1 year)
    ->                          ),Interval +1 Day) 'Day 1 of the year';
+-------------------+
| Day 1 of the year |
+-------------------+
| NULL              |
+-------------------+
1 row in set, 1 warning (0.00 sec)

mysql> select date_add(
    ->                 last_day(year(now())
    ->                          ,Interval +1 Day) 'Day 1 of the year';
ERROR 1064 (42000): You have an error in your SQL syntax; check the manual that corresponds to your MySQL server version for the right syntax to use near ') 'Day 1 of the year'' at line 3
mysql> select date_add(
    ->                 last_day(year(now()))
    ->                          ,Interval +1 Day) 'Day 1 of the year';
+-------------------+
| Day 1 of the year |
+-------------------+
| NULL              |
+-------------------+
1 row in set, 1 warning (0.00 sec)

mysql> select last_day(year(now())) 'last of the year';
+------------------+
| last of the year |
+------------------+
| NULL             |
+------------------+
1 row in set, 1 warning (0.00 sec)

mysql> select last_day(year(curdate())) 'last of the year';
+------------------+
| last of the year |
+------------------+
| NULL             |
+------------------+
1 row in set, 1 warning (0.00 sec)

mysql> select(curdate(),'2002-07-07'));
ERROR 1064 (42000): You have an error in your SQL syntax; check the manual that corresponds to your MySQL server version for the right syntax to use near ')' at line 1
mysql> select(curdate(),'2002-07-07');
ERROR 1241 (21000): Operand should contain 1 column(s)
mysql> select datediff(curdate(),'2002-07-07');
+----------------------------------+
| datediff(curdate(),'2002-07-07') |
+----------------------------------+
|                             8124 |
+----------------------------------+
1 row in set (0.00 sec)

mysql> select datediff(curdate(),'2002-07-07')/365;
+--------------------------------------+
| datediff(curdate(),'2002-07-07')/365 |
+--------------------------------------+
|                              22.2575 |
+--------------------------------------+
1 row in set (0.00 sec)

mysql> select floor(datediff(curdate(),'2002-07-07')/365);
+---------------------------------------------+
| floor(datediff(curdate(),'2002-07-07')/365) |
+---------------------------------------------+
|                                          22 |
+---------------------------------------------+
1 row in set (0.00 sec)

mysql> select * from emp
    -> where extract(month from hiredate)=07;
Empty set (0.00 sec)

mysql> select * from emp;
+-------+--------+-----------+------+------------+---------+---------+--------+
| EMPNO | ENAME  | JOB       | MGR  | HIREDATE   | SAL     | COMM    | DEPTNO |
+-------+--------+-----------+------+------------+---------+---------+--------+
|  7369 | SMITH  | CLERK     | 7902 | 1980-12-17 |  880.00 |    NULL |     20 |
|  7499 | ALLEN  | SALESMAN  | 7698 | 1981-02-20 | 1760.00 |  300.00 |     30 |
|  7521 | WARD   | SALESMAN  | 7698 | 1981-02-22 | 1375.00 |  500.00 |     30 |
|  7566 | JONES  | MANAGER   | 7839 | 1981-04-02 | 3272.50 |    NULL |     20 |
|  7654 | MARTIN | SALESMAN  | 7698 | 1981-09-28 | 1375.00 | 1400.00 |     30 |
|  7698 | BLAKE  | MANAGER   | 7839 | 1981-05-01 | 3135.00 |    NULL |     30 |
|  7782 | CLARK  | MANAGER   | 7839 | 1981-09-06 | 2695.00 |    NULL |     10 |
|  7788 | SCOTT  | ANALYST   | 7566 | 1982-12-09 | 3300.00 |    NULL |     20 |
|  7839 | KING   | PRESIDENT | NULL | 1981-11-17 | 5500.00 |    NULL |     10 |
|  7844 | TURNER | SALESMAN  | 7698 | 1981-09-08 | 1650.00 |    0.00 |     30 |
|  7876 | ADAMS  | CLERK     | 7788 | 1983-01-12 | 1210.00 |    NULL |     20 |
|  7900 | JAMES  | CLERK     | 7698 | 1981-12-03 | 1045.00 |    NULL |     30 |
|  7902 | FORD   | ANALYST   | 7566 | 1981-12-03 | 3300.00 |    NULL |     20 |
|  7934 | MILLER | CLERK     | 7782 | 1982-01-23 | 1430.00 |    NULL |     10 |
|  7902 | FORD   | ANALYST   | NULL | 1981-12-03 | 3300.00 |  200.00 |     20 |
+-------+--------+-----------+------+------------+---------+---------+--------+
15 rows in set (0.00 sec)

mysql> select * from emp
    -> where extract(month from hiredate)=01;
+-------+--------+-------+------+------------+---------+------+--------+
| EMPNO | ENAME  | JOB   | MGR  | HIREDATE   | SAL     | COMM | DEPTNO |
+-------+--------+-------+------+------------+---------+------+--------+
|  7876 | ADAMS  | CLERK | 7788 | 1983-01-12 | 1210.00 | NULL |     20 |
|  7934 | MILLER | CLERK | 7782 | 1982-01-23 | 1430.00 | NULL |     10 |
+-------+--------+-------+------+------------+---------+------+--------+
2 rows in set (0.00 sec)

mysql> use knowittejasdb;
Database changed
mysql> select ename ,sal,comm,
    ->        case when comm is null then 'need improvement'
    ->             when comm<500 then 'ok'
    ->             when comm>=500 and comm<1000 then 'Excellent'
    ->             end remark from emp;
+--------+---------+---------+------------------+
| ename  | sal     | comm    | remark           |
+--------+---------+---------+------------------+
| SMITH  |  880.00 |    NULL | need improvement |
| ALLEN  | 1760.00 |  300.00 | ok               |
| WARD   | 1375.00 |  500.00 | Excellent        |
| JONES  | 3272.50 |    NULL | need improvement |
| MARTIN | 1375.00 | 1400.00 | NULL             |
| BLAKE  | 3135.00 |    NULL | need improvement |
| CLARK  | 2695.00 |    NULL | need improvement |
| SCOTT  | 3300.00 |    NULL | need improvement |
| KING   | 5500.00 |    NULL | need improvement |
| TURNER | 1650.00 |    0.00 | ok               |
| ADAMS  | 1210.00 |    NULL | need improvement |
| JAMES  | 1045.00 |    NULL | need improvement |
| FORD   | 3300.00 |    NULL | need improvement |
| MILLER | 1430.00 |    NULL | need improvement |
| FORD   | 3300.00 |  200.00 | ok               |
+--------+---------+---------+------------------+
15 rows in set (0.01 sec)

mysql> select ename ,sal,comm,
    ->        case when comm is null then 'need improvement'
    ->             when comm<500 then 'ok'
    ->             when comm>=500 and comm<1000 then 'Good'
    ->             else 'Excellent'
    ->             end remark from emp;
+--------+---------+---------+------------------+
| ename  | sal     | comm    | remark           |
+--------+---------+---------+------------------+
| SMITH  |  880.00 |    NULL | need improvement |
| ALLEN  | 1760.00 |  300.00 | ok               |
| WARD   | 1375.00 |  500.00 | Good             |
| JONES  | 3272.50 |    NULL | need improvement |
| MARTIN | 1375.00 | 1400.00 | Excellent        |
| BLAKE  | 3135.00 |    NULL | need improvement |
| CLARK  | 2695.00 |    NULL | need improvement |
| SCOTT  | 3300.00 |    NULL | need improvement |
| KING   | 5500.00 |    NULL | need improvement |
| TURNER | 1650.00 |    0.00 | ok               |
| ADAMS  | 1210.00 |    NULL | need improvement |
| JAMES  | 1045.00 |    NULL | need improvement |
| FORD   | 3300.00 |    NULL | need improvement |
| MILLER | 1430.00 |    NULL | need improvement |
| FORD   | 3300.00 |  200.00 | ok               |
+--------+---------+---------+------------------+
15 rows in set (0.00 sec)

mysql> select * from emp
    -> where regexp_like(ename,'^[ma],*[re]$');
Empty set (0.12 sec)

mysql> select * from emp
    -> where regexp_like(ename,'^[ma].*[re]$');
+-------+--------+-------+------+------------+---------+------+--------+
| EMPNO | ENAME  | JOB   | MGR  | HIREDATE   | SAL     | COMM | DEPTNO |
+-------+--------+-------+------+------------+---------+------+--------+
|  7934 | MILLER | CLERK | 7782 | 1982-01-23 | 1430.00 | NULL |     10 |
+-------+--------+-------+------+------------+---------+------+--------+
1 row in set (0.00 sec)

mysql> select * from emp
    -> where regexp_like(ename,'^[ma].*e$');
Empty set (0.00 sec)

mysql> select * from emp
    -> where regexp_like(ename,'^a.*e$') or regexp_like(ename,'^s.*h$');
+-------+-------+-------+------+------------+--------+------+--------+
| EMPNO | ENAME | JOB   | MGR  | HIREDATE   | SAL    | COMM | DEPTNO |
+-------+-------+-------+------+------------+--------+------+--------+
|  7369 | SMITH | CLERK | 7902 | 1980-12-17 | 880.00 | NULL |     20 |
+-------+-------+-------+------+------------+--------+------+--------+
1 row in set (0.00 sec)

mysql> select * from emp
    -> where regexp_like(ename,'^a.*e$') and ename like '%L__' and   regexp_like(ename,',*r$');
Empty set (0.00 sec)

mysql> select * from emp
    -> where regexp_like(ename,'^a.*e$' | '^s.*h$');
Empty set, 2 warnings (0.08 sec)

mysql> select * from emp
    -> where regexp_like(ename,'^a.*n$ | ^s.*h$');
Empty set (0.00 sec)

mysql> where regexp_like(ename,'^a.*n$|^s.*h$');
ERROR 1064 (42000): You have an error in your SQL syntax; check the manual that corresponds to your MySQL server version for the right syntax to use near 'where regexp_like(ename,'^a.*n$|^s.*h$')' at line 1
mysql> select * from emp
    -> where regexp_like(ename,'^a.*n$|^s.*h$');
+-------+-------+----------+------+------------+---------+--------+--------+
| EMPNO | ENAME | JOB      | MGR  | HIREDATE   | SAL     | COMM   | DEPTNO |
+-------+-------+----------+------+------------+---------+--------+--------+
|  7369 | SMITH | CLERK    | 7902 | 1980-12-17 |  880.00 |   NULL |     20 |
|  7499 | ALLEN | SALESMAN | 7698 | 1981-02-20 | 1760.00 | 300.00 |     30 |
+-------+-------+----------+------+------------+---------+--------+--------+
2 rows in set (0.00 sec)

mysql> select * from emp
    -> where regexp_like(ename,'^m.*L__R$');
Empty set (0.00 sec)

mysql> where regexp_like(ename,'^m.*L_R$');
ERROR 1064 (42000): You have an error in your SQL syntax; check the manual that corresponds to your MySQL server version for the right syntax to use near 'where regexp_like(ename,'^m.*L_R$')' at line 1
mysql> where regexp_like(ename,'^m.*L_.R$');
ERROR 1064 (42000): You have an error in your SQL syntax; check the manual that corresponds to your MySQL server version for the right syntax to use near 'where regexp_like(ename,'^m.*L_.R$')' at line 1
mysql> select * from emp
    -> where regexp_like(ename,'^m.L.*R$');
+-------+--------+-------+------+------------+---------+------+--------+
| EMPNO | ENAME  | JOB   | MGR  | HIREDATE   | SAL     | COMM | DEPTNO |
+-------+--------+-------+------+------------+---------+------+--------+
|  7934 | MILLER | CLERK | 7782 | 1982-01-23 | 1430.00 | NULL |     10 |
+-------+--------+-------+------+------------+---------+------+--------+
1 row in set (0.00 sec)

mysql> select * from emp
    -> where regexp_like(ename,'^..L.*e.$');
+-------+--------+----------+------+------------+---------+--------+--------+
| EMPNO | ENAME  | JOB      | MGR  | HIREDATE   | SAL     | COMM   | DEPTNO |
+-------+--------+----------+------+------------+---------+--------+--------+
|  7499 | ALLEN  | SALESMAN | 7698 | 1981-02-20 | 1760.00 | 300.00 |     30 |
|  7934 | MILLER | CLERK    | 7782 | 1982-01-23 | 1430.00 |   NULL |     10 |
+-------+--------+----------+------+------------+---------+--------+--------+
2 rows in set (0.00 sec)

mysql> select * from emp
    -> where regexp_like(ename,'^[^am].*');
+-------+--------+-----------+------+------------+---------+--------+--------+
| EMPNO | ENAME  | JOB       | MGR  | HIREDATE   | SAL     | COMM   | DEPTNO |
+-------+--------+-----------+------+------------+---------+--------+--------+
|  7369 | SMITH  | CLERK     | 7902 | 1980-12-17 |  880.00 |   NULL |     20 |
|  7521 | WARD   | SALESMAN  | 7698 | 1981-02-22 | 1375.00 | 500.00 |     30 |
|  7566 | JONES  | MANAGER   | 7839 | 1981-04-02 | 3272.50 |   NULL |     20 |
|  7698 | BLAKE  | MANAGER   | 7839 | 1981-05-01 | 3135.00 |   NULL |     30 |
|  7782 | CLARK  | MANAGER   | 7839 | 1981-09-06 | 2695.00 |   NULL |     10 |
|  7788 | SCOTT  | ANALYST   | 7566 | 1982-12-09 | 3300.00 |   NULL |     20 |
|  7839 | KING   | PRESIDENT | NULL | 1981-11-17 | 5500.00 |   NULL |     10 |
|  7844 | TURNER | SALESMAN  | 7698 | 1981-09-08 | 1650.00 |   0.00 |     30 |
|  7900 | JAMES  | CLERK     | 7698 | 1981-12-03 | 1045.00 |   NULL |     30 |
|  7902 | FORD   | ANALYST   | 7566 | 1981-12-03 | 3300.00 |   NULL |     20 |
|  7902 | FORD   | ANALYST   | NULL | 1981-12-03 | 3300.00 | 200.00 |     20 |
+-------+--------+-----------+------+------------+---------+--------+--------+
11 rows in set (0.00 sec)

mysql> select * from emp
    -> where regexp_like(ename,'^a.*t$') and
    -> sal between 1000 and 3000;
Empty set (0.00 sec)

mysql> select * from emp;
+-------+--------+-----------+------+------------+---------+---------+--------+
| EMPNO | ENAME  | JOB       | MGR  | HIREDATE   | SAL     | COMM    | DEPTNO |
+-------+--------+-----------+------+------------+---------+---------+--------+
|  7369 | SMITH  | CLERK     | 7902 | 1980-12-17 |  880.00 |    NULL |     20 |
|  7499 | ALLEN  | SALESMAN  | 7698 | 1981-02-20 | 1760.00 |  300.00 |     30 |
|  7521 | WARD   | SALESMAN  | 7698 | 1981-02-22 | 1375.00 |  500.00 |     30 |
|  7566 | JONES  | MANAGER   | 7839 | 1981-04-02 | 3272.50 |    NULL |     20 |
|  7654 | MARTIN | SALESMAN  | 7698 | 1981-09-28 | 1375.00 | 1400.00 |     30 |
|  7698 | BLAKE  | MANAGER   | 7839 | 1981-05-01 | 3135.00 |    NULL |     30 |
|  7782 | CLARK  | MANAGER   | 7839 | 1981-09-06 | 2695.00 |    NULL |     10 |
|  7788 | SCOTT  | ANALYST   | 7566 | 1982-12-09 | 3300.00 |    NULL |     20 |
|  7839 | KING   | PRESIDENT | NULL | 1981-11-17 | 5500.00 |    NULL |     10 |
|  7844 | TURNER | SALESMAN  | 7698 | 1981-09-08 | 1650.00 |    0.00 |     30 |
|  7876 | ADAMS  | CLERK     | 7788 | 1983-01-12 | 1210.00 |    NULL |     20 |
|  7900 | JAMES  | CLERK     | 7698 | 1981-12-03 | 1045.00 |    NULL |     30 |
|  7902 | FORD   | ANALYST   | 7566 | 1981-12-03 | 3300.00 |    NULL |     20 |
|  7934 | MILLER | CLERK     | 7782 | 1982-01-23 | 1430.00 |    NULL |     10 |
|  7902 | FORD   | ANALYST   | NULL | 1981-12-03 | 3300.00 |  200.00 |     20 |
+-------+--------+-----------+------+------------+---------+---------+--------+
15 rows in set (0.00 sec)

mysql> select empno,ename,sal, sal+(sal*10/100) 'Increase sal' from emp
    -> where regexp_like(ename,'^[ams].*');
+-------+--------+---------+--------------+
| empno | ename  | sal     | Increase sal |
+-------+--------+---------+--------------+
|  7369 | SMITH  |  880.00 |   968.000000 |
|  7499 | ALLEN  | 1760.00 |  1936.000000 |
|  7654 | MARTIN | 1375.00 |  1512.500000 |
|  7788 | SCOTT  | 3300.00 |  3630.000000 |
|  7876 | ADAMS  | 1210.00 |  1331.000000 |
|  7934 | MILLER | 1430.00 |  1573.000000 |
+-------+--------+---------+--------------+
6 rows in set (0.00 sec)

mysql> select * from emp
    -> where regexp_like(ename,'^a.*n$|.*s$) and
    '> where deptno=10;
    '>
    '> ^C
mysql>
mysql> select * from emp
    -> where regexp_like(ename,'^a.*n$|.*s$') and
    -> where deptno=10;
ERROR 1064 (42000): You have an error in your SQL syntax; check the manual that corresponds to your MySQL server version for the right syntax to use near 'where deptno=10' at line 3
mysql> select * from emp
    -> where regexp_like(ename,'^a.*n$|.*s$') and
    -> deptno=10;
Empty set (0.00 sec)

mysql> select * from emp
    -> where regexp_like(ename,'^.{8}');
Empty set (0.00 sec)

mysql> select * from emp
    -> where regexp_like(job,'^.{8}');
+-------+--------+-----------+------+------------+---------+---------+--------+
| EMPNO | ENAME  | JOB       | MGR  | HIREDATE   | SAL     | COMM    | DEPTNO |
+-------+--------+-----------+------+------------+---------+---------+--------+
|  7499 | ALLEN  | SALESMAN  | 7698 | 1981-02-20 | 1760.00 |  300.00 |     30 |
|  7521 | WARD   | SALESMAN  | 7698 | 1981-02-22 | 1375.00 |  500.00 |     30 |
|  7654 | MARTIN | SALESMAN  | 7698 | 1981-09-28 | 1375.00 | 1400.00 |     30 |
|  7839 | KING   | PRESIDENT | NULL | 1981-11-17 | 5500.00 |    NULL |     10 |
|  7844 | TURNER | SALESMAN  | 7698 | 1981-09-08 | 1650.00 |    0.00 |     30 |
+-------+--------+-----------+------+------------+---------+---------+--------+
5 rows in set (0.00 sec)

mysql> select * from emp
    -> where regexp_like(ename,'.*E.$');
+-------+--------+----------+------+------------+---------+--------+--------+
| EMPNO | ENAME  | JOB      | MGR  | HIREDATE   | SAL     | COMM   | DEPTNO |
+-------+--------+----------+------+------------+---------+--------+--------+
|  7499 | ALLEN  | SALESMAN | 7698 | 1981-02-20 | 1760.00 | 300.00 |     30 |
|  7566 | JONES  | MANAGER  | 7839 | 1981-04-02 | 3272.50 |   NULL |     20 |
|  7844 | TURNER | SALESMAN | 7698 | 1981-09-08 | 1650.00 |   0.00 |     30 |
|  7900 | JAMES  | CLERK    | 7698 | 1981-12-03 | 1045.00 |   NULL |     30 |
|  7934 | MILLER | CLERK    | 7782 | 1982-01-23 | 1430.00 |   NULL |     10 |
+-------+--------+----------+------+------------+---------+--------+--------+
5 rows in set (0.00 sec)

mysql> select * from emp
    -> where regexp_like(ename,'^a.*s$|^.n.*n$|.*s$|^..n.*n$|.*s$');
+-------+-------+---------+------+------------+---------+------+--------+
| EMPNO | ENAME | JOB     | MGR  | HIREDATE   | SAL     | COMM | DEPTNO |
+-------+-------+---------+------+------------+---------+------+--------+
|  7566 | JONES | MANAGER | 7839 | 1981-04-02 | 3272.50 | NULL |     20 |
|  7876 | ADAMS | CLERK   | 7788 | 1983-01-12 | 1210.00 | NULL |     20 |
|  7900 | JAMES | CLERK   | 7698 | 1981-12-03 | 1045.00 | NULL |     30 |
+-------+-------+---------+------+------------+---------+------+--------+
3 rows in set (0.00 sec)

mysql> select * from emp
    -> where regexp_like(ename,'^[as].*') and deptno=20;
+-------+-------+---------+------+------------+---------+------+--------+
| EMPNO | ENAME | JOB     | MGR  | HIREDATE   | SAL     | COMM | DEPTNO |
+-------+-------+---------+------+------------+---------+------+--------+
|  7369 | SMITH | CLERK   | 7902 | 1980-12-17 |  880.00 | NULL |     20 |
|  7788 | SCOTT | ANALYST | 7566 | 1982-12-09 | 3300.00 | NULL |     20 |
|  7876 | ADAMS | CLERK   | 7788 | 1983-01-12 | 1210.00 | NULL |     20 |
+-------+-------+---------+------+------------+---------+------+--------+
3 rows in set (0.00 sec)

mysql> select * from emp
    -> where regexp_like(ename,'^C..E.*K$');
Empty set (0.00 sec)

mysql>
mysql> select * from emp
    -> where regexp_like(ename,'^..L.*M..$);
    '> ^C
mysql> select * from emp
    -> where regexp_like(ename,'^..L.*M..$');
Empty set (0.00 sec)

mysql> select * from emp
    -> where regexp_like(ename,'^a.*s$|^.n.*[ns]$|^..n.*[ns]$);
    '> select * from emp
    '> where regexp_like(ename,'^a.*s$|^.n.*[ns]$|^..n.*[ns]$');
    '> ^C
mysql>
mysql> select * from emp
    -> where regexp_like(ename,'^a.*s$|^.n.*[ns]$|^..n.*[ns]$');
+-------+-------+---------+------+------------+---------+------+--------+
| EMPNO | ENAME | JOB     | MGR  | HIREDATE   | SAL     | COMM | DEPTNO |
+-------+-------+---------+------+------------+---------+------+--------+
|  7566 | JONES | MANAGER | 7839 | 1981-04-02 | 3272.50 | NULL |     20 |
|  7876 | ADAMS | CLERK   | 7788 | 1983-01-12 | 1210.00 | NULL |     20 |
+-------+-------+---------+------+------------+---------+------+--------+
2 rows in set (0.00 sec)

mysql> where regexp_like(ename,'^a.*s$|^.n.*n$|.*s$|^..n.*n$|.*s$');
ERROR 1064 (42000): You have an error in your SQL syntax; check the manual that corresponds to your MySQL server version for the right syntax to use near 'where regexp_like(ename,'^a.*s$|^.n.*n$|.*s$|^..n.*n$|.*s$')' at line 1
mysql> select * from emp
    -> where regexp_like(ename,'^a.*s$|^.n.*n$|.*s$|^..n.*n$|.*s$');
+-------+-------+---------+------+------------+---------+------+--------+
| EMPNO | ENAME | JOB     | MGR  | HIREDATE   | SAL     | COMM | DEPTNO |
+-------+-------+---------+------+------------+---------+------+--------+
|  7566 | JONES | MANAGER | 7839 | 1981-04-02 | 3272.50 | NULL |     20 |
|  7876 | ADAMS | CLERK   | 7788 | 1983-01-12 | 1210.00 | NULL |     20 |
|  7900 | JAMES | CLERK   | 7698 | 1981-12-03 | 1045.00 | NULL |     30 |
+-------+-------+---------+------+------------+---------+------+--------+
3 rows in set (0.00 sec)

mysql> select * from emp
    -> where regexp_like(ename,'^a.*s$|^.n.*[ns]$|^..n.*[ns]$');
+-------+-------+---------+------+------------+---------+------+--------+
| EMPNO | ENAME | JOB     | MGR  | HIREDATE   | SAL     | COMM | DEPTNO |
+-------+-------+---------+------+------------+---------+------+--------+
|  7566 | JONES | MANAGER | 7839 | 1981-04-02 | 3272.50 | NULL |     20 |
|  7876 | ADAMS | CLERK   | 7788 | 1983-01-12 | 1210.00 | NULL |     20 |
+-------+-------+---------+------+------------+---------+------+--------+
2 rows in set (0.00 sec)

mysql> where regexp_like(ename,'^a.*s$|^.n|^..n.*[ns]$');
ERROR 1064 (42000): You have an error in your SQL syntax; check the manual that corresponds to your MySQL server version for the right syntax to use near 'where regexp_like(ename,'^a.*s$|^.n|^..n.*[ns]$')' at line 1
mysql> select * from emp
    -> where regexp_like(ename,'^a.*s$|^.n|^..n.*[ns]$');
+-------+-------+---------+------+------------+---------+------+--------+
| EMPNO | ENAME | JOB     | MGR  | HIREDATE   | SAL     | COMM | DEPTNO |
+-------+-------+---------+------+------------+---------+------+--------+
|  7566 | JONES | MANAGER | 7839 | 1981-04-02 | 3272.50 | NULL |     20 |
|  7876 | ADAMS | CLERK   | 7788 | 1983-01-12 | 1210.00 | NULL |     20 |
+-------+-------+---------+------+------------+---------+------+--------+
2 rows in set (0.00 sec)

mysql> select * from emp
    -> where regexp_like(ename,'^..L.*M..$');
Empty set (0.00 sec)

mysql> select * from emp
    -> where regexp_like(ename,'^s.*') and comm is null;
+-------+-------+---------+------+------------+---------+------+--------+
| EMPNO | ENAME | JOB     | MGR  | HIREDATE   | SAL     | COMM | DEPTNO |
+-------+-------+---------+------+------------+---------+------+--------+
|  7369 | SMITH | CLERK   | 7902 | 1980-12-17 |  880.00 | NULL |     20 |
|  7788 | SCOTT | ANALYST | 7566 | 1982-12-09 | 3300.00 | NULL |     20 |
+-------+-------+---------+------+------------+---------+------+--------+
2 rows in set (0.00 sec)

mysql> select * from emp
    -> where regexp_like(ename,'.*MAN$')
    ->  and
    -> sal not between 2000 and 3000;
Empty set (0.00 sec)

mysql> select * from emp;
+-------+--------+-----------+------+------------+---------+---------+--------+
| EMPNO | ENAME  | JOB       | MGR  | HIREDATE   | SAL     | COMM    | DEPTNO |
+-------+--------+-----------+------+------------+---------+---------+--------+
|  7369 | SMITH  | CLERK     | 7902 | 1980-12-17 |  880.00 |    NULL |     20 |
|  7499 | ALLEN  | SALESMAN  | 7698 | 1981-02-20 | 1760.00 |  300.00 |     30 |
|  7521 | WARD   | SALESMAN  | 7698 | 1981-02-22 | 1375.00 |  500.00 |     30 |
|  7566 | JONES  | MANAGER   | 7839 | 1981-04-02 | 3272.50 |    NULL |     20 |
|  7654 | MARTIN | SALESMAN  | 7698 | 1981-09-28 | 1375.00 | 1400.00 |     30 |
|  7698 | BLAKE  | MANAGER   | 7839 | 1981-05-01 | 3135.00 |    NULL |     30 |
|  7782 | CLARK  | MANAGER   | 7839 | 1981-09-06 | 2695.00 |    NULL |     10 |
|  7788 | SCOTT  | ANALYST   | 7566 | 1982-12-09 | 3300.00 |    NULL |     20 |
|  7839 | KING   | PRESIDENT | NULL | 1981-11-17 | 5500.00 |    NULL |     10 |
|  7844 | TURNER | SALESMAN  | 7698 | 1981-09-08 | 1650.00 |    0.00 |     30 |
|  7876 | ADAMS  | CLERK     | 7788 | 1983-01-12 | 1210.00 |    NULL |     20 |
|  7900 | JAMES  | CLERK     | 7698 | 1981-12-03 | 1045.00 |    NULL |     30 |
|  7902 | FORD   | ANALYST   | 7566 | 1981-12-03 | 3300.00 |    NULL |     20 |
|  7934 | MILLER | CLERK     | 7782 | 1982-01-23 | 1430.00 |    NULL |     10 |
|  7902 | FORD   | ANALYST   | NULL | 1981-12-03 | 3300.00 |  200.00 |     20 |
+-------+--------+-----------+------+------------+---------+---------+--------+
15 rows in set (0.00 sec)

mysql> select * from emp
    -> where regexp_like(job,'.*MAN$')
    ->  and
    -> sal not between 2000 and 3000;
+-------+--------+----------+------+------------+---------+---------+--------+
| EMPNO | ENAME  | JOB      | MGR  | HIREDATE   | SAL     | COMM    | DEPTNO |
+-------+--------+----------+------+------------+---------+---------+--------+
|  7499 | ALLEN  | SALESMAN | 7698 | 1981-02-20 | 1760.00 |  300.00 |     30 |
|  7521 | WARD   | SALESMAN | 7698 | 1981-02-22 | 1375.00 |  500.00 |     30 |
|  7654 | MARTIN | SALESMAN | 7698 | 1981-09-28 | 1375.00 | 1400.00 |     30 |
|  7844 | TURNER | SALESMAN | 7698 | 1981-09-08 | 1650.00 |    0.00 |     30 |
+-------+--------+----------+------+------------+---------+---------+--------+
4 rows in set (0.00 sec)

mysql> select * from emp
    -> where regexp_like(job,'.*[^s]$')
    ->  and
    -> deptno  in(20,30);
+-------+--------+----------+------+------------+---------+---------+--------+
| EMPNO | ENAME  | JOB      | MGR  | HIREDATE   | SAL     | COMM    | DEPTNO |
+-------+--------+----------+------+------------+---------+---------+--------+
|  7369 | SMITH  | CLERK    | 7902 | 1980-12-17 |  880.00 |    NULL |     20 |
|  7499 | ALLEN  | SALESMAN | 7698 | 1981-02-20 | 1760.00 |  300.00 |     30 |
|  7521 | WARD   | SALESMAN | 7698 | 1981-02-22 | 1375.00 |  500.00 |     30 |
|  7566 | JONES  | MANAGER  | 7839 | 1981-04-02 | 3272.50 |    NULL |     20 |
|  7654 | MARTIN | SALESMAN | 7698 | 1981-09-28 | 1375.00 | 1400.00 |     30 |
|  7698 | BLAKE  | MANAGER  | 7839 | 1981-05-01 | 3135.00 |    NULL |     30 |
|  7788 | SCOTT  | ANALYST  | 7566 | 1982-12-09 | 3300.00 |    NULL |     20 |
|  7844 | TURNER | SALESMAN | 7698 | 1981-09-08 | 1650.00 |    0.00 |     30 |
|  7876 | ADAMS  | CLERK    | 7788 | 1983-01-12 | 1210.00 |    NULL |     20 |
|  7900 | JAMES  | CLERK    | 7698 | 1981-12-03 | 1045.00 |    NULL |     30 |
|  7902 | FORD   | ANALYST  | 7566 | 1981-12-03 | 3300.00 |    NULL |     20 |
|  7902 | FORD   | ANALYST  | NULL | 1981-12-03 | 3300.00 |  200.00 |     20 |
+-------+--------+----------+------+------------+---------+---------+--------+
12 rows in set (0.00 sec)

mysql> select * from emp
    -> where regexp_like(ename,'.*[o].*')
    -> ;
+-------+-------+---------+------+------------+---------+--------+--------+
| EMPNO | ENAME | JOB     | MGR  | HIREDATE   | SAL     | COMM   | DEPTNO |
+-------+-------+---------+------+------------+---------+--------+--------+
|  7566 | JONES | MANAGER | 7839 | 1981-04-02 | 3272.50 |   NULL |     20 |
|  7788 | SCOTT | ANALYST | 7566 | 1982-12-09 | 3300.00 |   NULL |     20 |
|  7902 | FORD  | ANALYST | 7566 | 1981-12-03 | 3300.00 |   NULL |     20 |
|  7902 | FORD  | ANALYST | NULL | 1981-12-03 | 3300.00 | 200.00 |     20 |
+-------+-------+---------+------+------------+---------+--------+--------+
4 rows in set (0.00 sec)

mysql> select * from emp
    -> where regexp_like(ename,'.*ER$');
+-------+--------+----------+------+------------+---------+------+--------+
| EMPNO | ENAME  | JOB      | MGR  | HIREDATE   | SAL     | COMM | DEPTNO |
+-------+--------+----------+------+------------+---------+------+--------+
|  7844 | TURNER | SALESMAN | 7698 | 1981-09-08 | 1650.00 | 0.00 |     30 |
|  7934 | MILLER | CLERK    | 7782 | 1982-01-23 | 1430.00 | NULL |     10 |
+-------+--------+----------+------+------------+---------+------+--------+
2 rows in set (0.00 sec)

mysql>
mysql> select * from emp
    -> where regexp_like(ename,'^S.*') and comm is null;
+-------+-------+---------+------+------------+---------+------+--------+
| EMPNO | ENAME | JOB     | MGR  | HIREDATE   | SAL     | COMM | DEPTNO |
+-------+-------+---------+------+------------+---------+------+--------+
|  7369 | SMITH | CLERK   | 7902 | 1980-12-17 |  880.00 | NULL |     20 |
|  7788 | SCOTT | ANALYST | 7566 | 1982-12-09 | 3300.00 | NULL |     20 |
+-------+-------+---------+------+------------+---------+------+--------+
2 rows in set (0.00 sec)

mysql>


mysql> use knowittejasdb;
Database changed
mysql> create table course(cid int,
    ->                     cname varchar(20) not null,
    ->                     fees int default 5000,
    ->                     constraint pk_cid primary key(cid)
    ->                    );
Query OK, 0 rows affected (0.04 sec)

mysql> create table trainer(tid int,
    ->                      tname varchar(20) not null,
    ->                      cid int,
    ->                      salary int default 20000,
    ->                      experience int check>=10,
    ->                      constraint pk_tid primary ker(tid),
    ->                      constraint fk_cid foreign key(cid)
    ->                      reference course(cid)
    ->                      on delete set null
    ->                    );
ERROR 1064 (42000): You have an error in your SQL syntax; check the manual that corresponds to your MySQL server version for the right syntax to use near '>=10,
                     constraint pk_tid primary ker(tid),
                 ' at line 5
mysql> create table trainer(tid int,
    ->                      tname varchar(20) not null,
    ->                      cid int,
    ->                      salary int default 20000,
    ->                      experience int check(experience>=10),
    ->                      constraint pk_tid primary ker(tid),
    ->                      constraint fk_cid foreign key(cid)
    ->                      reference course(cid)
    ->                      on delete set null
    ->                    );
ERROR 1064 (42000): You have an error in your SQL syntax; check the manual that corresponds to your MySQL server version for the right syntax to use near 'ker(tid),
                     constraint fk_cid foreign key(cid)
              ' at line 6
mysql> create table trainer(tid int,
    ->                      tname varchar(20) not null,
    ->                      cid int,
    ->                      salary int default 20000,
    ->                      experience int check(experience>=10),
    ->                      constraint pk_tid primary key(tid),
    ->                      constraint fk_cid foreign key(cid)
    ->                      reference course(cid)
    ->                      on delete set null
    ->                    );
ERROR 1064 (42000): You have an error in your SQL syntax; check the manual that corresponds to your MySQL server version for the right syntax to use near 'reference course(cid)
                     on delete set null
                  ' at line 8
mysql> create table trainer(tid int,
    ->                      tname varchar(20) not null,
    ->                      cid int,
    ->                      salary int default 20000,
    ->                      experience int check(experience>=10),
    ->                      constraint pk_tid primary key(tid),
    ->                      constraint fk_cid foreign key(cid)
    ->                      references course(cid)
    ->                      on delete set null
    ->                    );
Query OK, 0 rows affected (0.04 sec)

mysql> insert into course values(1,'Core Java',7000),
    ->                          (2,'Linux',8000),
    ->                          (3,'Data Structure',10000),
    ->                          (4,'Python',12000),
    ->                          (5,'Dot Net',null);
Query OK, 5 rows affected (0.00 sec)
Records: 5  Duplicates: 0  Warnings: 0

mysql>
mysql> insert into trainer values(1,'Amit',2,12);
ERROR 1136 (21S01): Column count doesn't match value count at row 1
mysql> insert into trainer values(1,'Amit',2,10000,12),
    ->                           (2,'Rajan',1,11000,13),
    ->                           (3,'Shruti',2,13000,15),
    ->                           (4,'Arti',2,10000,12),
    ->                           (5,'Sameer',3,16000,14),
    ->                           (6,'Sanjay',null,10000,14),
    ->                           (7,'Soha',null,10000,12);
Query OK, 7 rows affected (0.01 sec)
Records: 7  Duplicates: 0  Warnings: 0

mysql> insert into trainer values(2,'Mahesh',null,16000,12),
    ->                           (8,'Meena',3,25000,11),
    ->                           (9,null,2,13000,10),
    ->                           (10,'soham',2,35000,8),
    ->                           (11,'Anil',3,null,11);
ERROR 1062 (23000): Duplicate entry '2' for key 'trainer.PRIMARY'
mysql> insert into trainer values(2,'Mahesh',null,16000,12);
ERROR 1062 (23000): Duplicate entry '2' for key 'trainer.PRIMARY'
mysql>                           insert into trainer values(8,'Meena',3,25000,11);
Query OK, 1 row affected (0.01 sec)

mysql>                           insert into trainer values(9,null,2,13000,10);
ERROR 1048 (23000): Column 'tname' cannot be null
mysql>                           insert into trainer values(10,'soham',2,35000,8);
ERROR 3819 (HY000): Check constraint 'trainer_chk_1' is violated.
mysql>                           insert into trainer values(6,'Sanjay',null,10000,14);
ERROR 1062 (23000): Duplicate entry '6' for key 'trainer.PRIMARY'
mysql>                           insert into trainer values(11,'Anil',3,null,11);
Query OK, 1 row affected (0.00 sec)

mysql> delete from trainer
    -> where cid=null;
Query OK, 0 rows affected (0.00 sec)

mysql> drop table trainer;
Query OK, 0 rows affected (0.02 sec)

mysql> select * from trainer;
ERROR 1146 (42S02): Table 'knowittejasdb.trainer' doesn't exist
mysql> create table trainer(tid int,
    ->                      tname varchar(20) not null,
    ->                      cid int,
    ->                      salary int default 20000,
    ->                      experience int check(experience>=10),
    ->                      constraint pk_tid primary key(tid),
    ->                      constraint fk_cid foreign key(cid)
    ->                      references course(cid)
    ->                      on delete cascade
    ->                    );
Query OK, 0 rows affected (0.04 sec)

mysql> show tables;
+-------------------------+
| Tables_in_knowittejasdb |
+-------------------------+
| bonus                   |
| course                  |
| cust_vehicle            |
| customer                |
| customer1               |
| dept                    |
| dept10                  |
| emp                     |
| emp100                  |
| employee                |
| salesman                |
| salesman1               |
| salgrade                |
| t1                      |
| t2                      |
| trainer                 |
| vehicle                 |
+-------------------------+
17 rows in set (0.01 sec)

mysql> desc cust_vehicle;'
+-----------+------+------+-----+---------+-------+
| Field     | Type | Null | Key | Default | Extra |
+-----------+------+------+-----+---------+-------+
| tid       | int  | YES  | UNI | NULL    |       |
| custid    | int  | NO   |     | NULL    |       |
| vid       | int  | YES  |     | NULL    |       |
| sid       | int  | YES  |     | NULL    |       |
| buy_price | int  | YES  |     | NULL    |       |
| rating    | int  | YES  |     | NULL    |       |
+-----------+------+------+-----+---------+-------+
6 rows in set (0.01 sec)

    '> ;
    '> ^C
mysql> alter table cust_vehicle
    -> modify tid primary key,
    -> modify custid not null;
ERROR 1064 (42000): You have an error in your SQL syntax; check the manual that corresponds to your MySQL server version for the right syntax to use near 'primary key,
modify custid not null' at line 2
mysql> create table cust-vehicle(tid int,
    ->                     custid int not null,
    ->                     vid int not null,
    ->                     sid int not null,
    ->                     buy_price not check(buy_price>0),
    ->                     constraint pk_cid primary key(tid)
    ->                    );
ERROR 1064 (42000): You have an error in your SQL syntax; check the manual that corresponds to your MySQL server version for the right syntax to use near '-vehicle(tid int,
                    custid int not null,
                    v' at line 1
mysql> drop cust_vehicle;
ERROR 1064 (42000): You have an error in your SQL syntax; check the manual that corresponds to your MySQL server version for the right syntax to use near 'cust_vehicle' at line 1
mysql> drop table cust_vehicle;
Query OK, 0 rows affected (0.02 sec)

mysql> create table cust_vehicle(tid int,
    ->                     custid int not null,
    ->                     vid int not null,
    ->                     sid int not null,
    ->                     buy_price not check(buy_price>0),
    ->                     constraint pk_cid primary key(tid)
    ->                    );
ERROR 1064 (42000): You have an error in your SQL syntax; check the manual that corresponds to your MySQL server version for the right syntax to use near 'not check(buy_price>0),
                    constraint pk_cid primary key(tid)
 ' at line 5
mysql> create table cust_vehicle(tid int,
    ->                     custid int not null,
    ->                     vid int not null,
    ->                     sid int not null,
    ->                     buy_price not check(buy_price>0),
    ->                     constraint pk_cid primary key(tid)
    ->                    );
ERROR 1064 (42000): You have an error in your SQL syntax; check the manual that corresponds to your MySQL server version for the right syntax to use near 'not check(buy_price>0),
                    constraint pk_cid primary key(tid)
 ' at line 5
mysql> create table cust_vehicle(tid int,
    ->                     custid int not null,
    ->                     vid int not null,
    ->                     sid int not null,
    ->                     buy_price int not check(buy_price>0),
    ->                     constraint pk_cid primary key(tid)
    ->                    );
ERROR 1064 (42000): You have an error in your SQL syntax; check the manual that corresponds to your MySQL server version for the right syntax to use near 'check(buy_price>0),
                    constraint pk_cid primary key(tid)
     ' at line 5
mysql> create table cust_vehicle(tid int,
    ->                     custid int not null,
    ->                     vid int not null,
    ->                     sid int not null,
    ->                     buy_price int check(buy_price>0),
    ->                     constraint pk_cid primary key(tid)
    ->                    );
Query OK, 0 rows affected (0.02 sec)

mysql> insert into cust_vehicle values(1,1,1,10,75000),
    ->                                (2,1,2,10,79000),
    ->                                (3,2,3,11,80000),
    ->                                (4,3,3,11,75000),
    ->                                (5,3,2,10,800000);
Query OK, 5 rows affected (0.01 sec)
Records: 5  Duplicates: 0  Warnings: 0

mysql> select * from emp;
+-------+--------+-----------+------+------------+---------+---------+--------+
| EMPNO | ENAME  | JOB       | MGR  | HIREDATE   | SAL     | COMM    | DEPTNO |
+-------+--------+-----------+------+------------+---------+---------+--------+
|  7369 | SMITH  | CLERK     | 7902 | 1980-12-17 |  880.00 |    NULL |     20 |
|  7499 | ALLEN  | SALESMAN  | 7698 | 1981-02-20 | 1760.00 |  300.00 |     30 |
|  7521 | WARD   | SALESMAN  | 7698 | 1981-02-22 | 1375.00 |  500.00 |     30 |
|  7566 | JONES  | MANAGER   | 7839 | 1981-04-02 | 3272.50 |    NULL |     20 |
|  7654 | MARTIN | SALESMAN  | 7698 | 1981-09-28 | 1375.00 | 1400.00 |     30 |
|  7698 | BLAKE  | MANAGER   | 7839 | 1981-05-01 | 3135.00 |    NULL |     30 |
|  7782 | CLARK  | MANAGER   | 7839 | 1981-09-06 | 2695.00 |    NULL |     10 |
|  7788 | SCOTT  | ANALYST   | 7566 | 1982-12-09 | 3300.00 |    NULL |     20 |
|  7839 | KING   | PRESIDENT | NULL | 1981-11-17 | 5500.00 |    NULL |     10 |
|  7844 | TURNER | SALESMAN  | 7698 | 1981-09-08 | 1650.00 |    0.00 |     30 |
|  7876 | ADAMS  | CLERK     | 7788 | 1983-01-12 | 1210.00 |    NULL |     20 |
|  7900 | JAMES  | CLERK     | 7698 | 1981-12-03 | 1045.00 |    NULL |     30 |
|  7902 | FORD   | ANALYST   | 7566 | 1981-12-03 | 3300.00 |    NULL |     20 |
|  7934 | MILLER | CLERK     | 7782 | 1982-01-23 | 1430.00 |    NULL |     10 |
|  7902 | FORD   | ANALYST   | NULL | 1981-12-03 | 3300.00 |  200.00 |     20 |
+-------+--------+-----------+------+------------+---------+---------+--------+
15 rows in set (0.00 sec)

mysql> select deptno, sum(sal)
    -> from emp
    -> group by deptno;
+--------+----------+
| deptno | sum(sal) |
+--------+----------+
|     20 | 15262.50 |
|     30 | 10340.00 |
|     10 |  9625.00 |
+--------+----------+
3 rows in set (0.00 sec)

mysql> select deptno, sum(sal)
    -> from emp
    -> group by deptno
    -> having sum(sal)>10000;
+--------+----------+
| deptno | sum(sal) |
+--------+----------+
|     20 | 15262.50 |
|     30 | 10340.00 |
+--------+----------+
2 rows in set (0.00 sec)

mysql> select job, sum(sal)
    -> from emp
    -> where deptno<>30
    -> group by deptno
    -> having sum(sal)>6000;
ERROR 1055 (42000): Expression #1 of SELECT list is not in GROUP BY clause and contains nonaggregated column 'knowittejasdb.emp.JOB' which is not functionally dependent on columns in GROUP BY clause; this is incompatible with sql_mode=only_full_group_by
mysql> select job, sum(sal)
    -> from emp
    -> where deptno<>30
    -> group by job
    -> having sum(sal)>6000;
+---------+----------+
| job     | sum(sal) |
+---------+----------+
| ANALYST |  9900.00 |
+---------+----------+
1 row in set (0.00 sec)

mysql> select job, max(sal)
    -> from emp
    -> where job in('managers',clerks','salesman') and dept in(10,20)
    '> group by job
    '> order by job desc;
    '>
    '> ^C
mysql>
mysql> select job, max(sal)
    -> from emp
    -> where job in('managers','clerks','salesman') and dept in(10,20)
    -> group by job
    -> order by job desc;
ERROR 1054 (42S22): Unknown column 'dept' in 'where clause'
mysql> select job, max(sal)
    -> from emp
    -> where job in('managers','clerks','salesman') and deptno in(10,20)
    -> group by job
    -> order by job desc;
Empty set (0.00 sec)

mysql> select deptno, count(sal)
    -> from emp
    -> where sal>3000;
ERROR 1140 (42000): In aggregated query without GROUP BY, expression #1 of SELECT list contains nonaggregated column 'knowittejasdb.emp.DEPTNO'; this is incompatible with sql_mode=only_full_group_by
mysql> group by deptno;
ERROR 1064 (42000): You have an error in your SQL syntax; check the manual that corresponds to your MySQL server version for the right syntax to use near 'group by deptno' at line 1
mysql>
mysql> select deptno, count(sal)
    -> from emp
    -> where sal>3000
    -> group by deptno;
+--------+------------+
| deptno | count(sal) |
+--------+------------+
|     20 |          4 |
|     30 |          1 |
|     10 |          1 |
+--------+------------+
3 rows in set (0.00 sec)

mysql> select deptno, count(deptno)
    -> from emp
    -> group by deptno
    -> having count(deptno)>4;
+--------+---------------+
| deptno | count(deptno) |
+--------+---------------+
|     20 |             6 |
|     30 |             6 |
+--------+---------------+
2 rows in set (0.00 sec)

mysql>
mysql> select sum(sal), min(sal)
    -> from emp
    -> where job='managers';
+----------+----------+
| sum(sal) | min(sal) |
+----------+----------+
|     NULL |     NULL |
+----------+----------+
1 row in set (0.00 sec)

mysql>
mysql> select * from emp;
+-------+--------+-----------+------+------------+---------+---------+--------+
| EMPNO | ENAME  | JOB       | MGR  | HIREDATE   | SAL     | COMM    | DEPTNO |
+-------+--------+-----------+------+------------+---------+---------+--------+
|  7369 | SMITH  | CLERK     | 7902 | 1980-12-17 |  880.00 |    NULL |     20 |
|  7499 | ALLEN  | SALESMAN  | 7698 | 1981-02-20 | 1760.00 |  300.00 |     30 |
|  7521 | WARD   | SALESMAN  | 7698 | 1981-02-22 | 1375.00 |  500.00 |     30 |
|  7566 | JONES  | MANAGER   | 7839 | 1981-04-02 | 3272.50 |    NULL |     20 |
|  7654 | MARTIN | SALESMAN  | 7698 | 1981-09-28 | 1375.00 | 1400.00 |     30 |
|  7698 | BLAKE  | MANAGER   | 7839 | 1981-05-01 | 3135.00 |    NULL |     30 |
|  7782 | CLARK  | MANAGER   | 7839 | 1981-09-06 | 2695.00 |    NULL |     10 |
|  7788 | SCOTT  | ANALYST   | 7566 | 1982-12-09 | 3300.00 |    NULL |     20 |
|  7839 | KING   | PRESIDENT | NULL | 1981-11-17 | 5500.00 |    NULL |     10 |
|  7844 | TURNER | SALESMAN  | 7698 | 1981-09-08 | 1650.00 |    0.00 |     30 |
|  7876 | ADAMS  | CLERK     | 7788 | 1983-01-12 | 1210.00 |    NULL |     20 |
|  7900 | JAMES  | CLERK     | 7698 | 1981-12-03 | 1045.00 |    NULL |     30 |
|  7902 | FORD   | ANALYST   | 7566 | 1981-12-03 | 3300.00 |    NULL |     20 |
|  7934 | MILLER | CLERK     | 7782 | 1982-01-23 | 1430.00 |    NULL |     10 |
|  7902 | FORD   | ANALYST   | NULL | 1981-12-03 | 3300.00 |  200.00 |     20 |
+-------+--------+-----------+------+------------+---------+---------+--------+
15 rows in set (0.00 sec)

mysql> select sum(sal), min(sal)
    -> from emp
    -> where job='manager';
+----------+----------+
| sum(sal) | min(sal) |
+----------+----------+
|  9102.50 |  2695.00 |
+----------+----------+
1 row in set (0.00 sec)

mysql> select deptno,sum(sal)
    -> from emp
    -> where job='clerk'
    -> group by deptno
    -> having count(job)>=2;
+--------+----------+
| deptno | sum(sal) |
+--------+----------+
|     20 |  2090.00 |
+--------+----------+
1 row in set (0.00 sec)

mysql> select deptno,count(sal)
    -> from emp
    -> sal>=2000;
ERROR 1064 (42000): You have an error in your SQL syntax; check the manual that corresponds to your MySQL server version for the right syntax to use near '>=2000' at line 3
mysql> group by deptno;
ERROR 1064 (42000): You have an error in your SQL syntax; check the manual that corresponds to your MySQL server version for the right syntax to use near 'group by deptno' at line 1
mysql> select deptno,count(sal)
    -> from emp
    -> where sal>=2000
    -> group by deptno;
+--------+------------+
| deptno | count(sal) |
+--------+------------+
|     20 |          4 |
|     30 |          1 |
|     10 |          2 |
+--------+------------+
3 rows in set (0.00 sec)

mysql> group by deptno;




Partition Demos:

mysql> show databases;
+--------------------+
| Database           |
+--------------------+
| information_schema |
| knowittejasdb      |
| mysql              |
| performance_schema |
| sakila             |
| sys                |
| world              |
+--------------------+
7 rows in set (0.12 sec)

mysql> use knowittejasdb;
Database changed
mysql> select Empno, Ename, Deptno, sal
    ->        Avg(sal), min(sal), max(sal) over(partition by deptno)
    ->        from emp;
ERROR 1064 (42000): You have an error in your SQL syntax; check the manual that corresponds to your MySQL server version for the right syntax to use near '(sal), min(sal), max(sal) over(partition by deptno)
       from emp' at line 2
mysql> select Empno, Ename, Deptno, sal,
    ->        Avg(sal), min(sal), max(sal) over(partition by deptno)
    ->        from emp;
ERROR 1140 (42000): In aggregated query without GROUP BY, expression #1 of SELECT list contains nonaggregated column 'knowittejasdb.emp.EMPNO'; this is incompatible with sql_mode=only_full_group_by
mysql> select Empno, Ename, Deptno, sal,
    ->        Avg(sal), min(sal), max(sal) over(partition by sal)
    ->        from emp;
ERROR 1140 (42000): In aggregated query without GROUP BY, expression #1 of SELECT list contains nonaggregated column 'knowittejasdb.emp.EMPNO'; this is incompatible with sql_mode=only_full_group_by
mysql> select Empno, Ename, Deptno, sal,
    ->        Avg(sal) over(partition by sal) 'Avg sal',
    ->        min(sal) over(partition by sal) 'Min sal',
    ->        max(sal) over(partition by sal) 'Max sal'
    ->        from emp;
+-------+--------+--------+---------+-------------+---------+---------+
| Empno | Ename  | Deptno | sal     | Avg sal     | Min sal | Max sal |
+-------+--------+--------+---------+-------------+---------+---------+
|  7369 | SMITH  |     20 |  880.00 |  880.000000 |  880.00 |  880.00 |
|  7900 | JAMES  |     30 | 1045.00 | 1045.000000 | 1045.00 | 1045.00 |
|  7876 | ADAMS  |     20 | 1210.00 | 1210.000000 | 1210.00 | 1210.00 |
|  7521 | WARD   |     30 | 1375.00 | 1375.000000 | 1375.00 | 1375.00 |
|  7654 | MARTIN |     30 | 1375.00 | 1375.000000 | 1375.00 | 1375.00 |
|  7934 | MILLER |     10 | 1430.00 | 1430.000000 | 1430.00 | 1430.00 |
|  7844 | TURNER |     30 | 1650.00 | 1650.000000 | 1650.00 | 1650.00 |
|  7499 | ALLEN  |     30 | 1760.00 | 1760.000000 | 1760.00 | 1760.00 |
|  7782 | CLARK  |     10 | 2695.00 | 2695.000000 | 2695.00 | 2695.00 |
|  7698 | BLAKE  |     30 | 3135.00 | 3135.000000 | 3135.00 | 3135.00 |
|  7566 | JONES  |     20 | 3272.50 | 3272.500000 | 3272.50 | 3272.50 |
|  7788 | SCOTT  |     20 | 3300.00 | 3300.000000 | 3300.00 | 3300.00 |
|  7902 | FORD   |     20 | 3300.00 | 3300.000000 | 3300.00 | 3300.00 |
|  7902 | FORD   |     20 | 3300.00 | 3300.000000 | 3300.00 | 3300.00 |
|  7839 | KING   |     10 | 5500.00 | 5500.000000 | 5500.00 | 5500.00 |
+-------+--------+--------+---------+-------------+---------+---------+
15 rows in set (0.08 sec)

mysql>  select Ename, Deptno,
    ->        Avg(sal) over(partition by deptno) 'Avg sal',
    ->        min(sal) over(partition by deptno) 'Min sal',
    ->        max(sal) over(partition by deptno) 'Max sal'
    ->        from emp;
+--------+--------+-------------+---------+---------+
| Ename  | Deptno | Avg sal     | Min sal | Max sal |
+--------+--------+-------------+---------+---------+
| CLARK  |     10 | 3208.333333 | 1430.00 | 5500.00 |
| KING   |     10 | 3208.333333 | 1430.00 | 5500.00 |
| MILLER |     10 | 3208.333333 | 1430.00 | 5500.00 |
| SMITH  |     20 | 2543.750000 |  880.00 | 3300.00 |
| JONES  |     20 | 2543.750000 |  880.00 | 3300.00 |
| SCOTT  |     20 | 2543.750000 |  880.00 | 3300.00 |
| ADAMS  |     20 | 2543.750000 |  880.00 | 3300.00 |
| FORD   |     20 | 2543.750000 |  880.00 | 3300.00 |
| FORD   |     20 | 2543.750000 |  880.00 | 3300.00 |
| ALLEN  |     30 | 1723.333333 | 1045.00 | 3135.00 |
| WARD   |     30 | 1723.333333 | 1045.00 | 3135.00 |
| MARTIN |     30 | 1723.333333 | 1045.00 | 3135.00 |
| BLAKE  |     30 | 1723.333333 | 1045.00 | 3135.00 |
| TURNER |     30 | 1723.333333 | 1045.00 | 3135.00 |
| JAMES  |     30 | 1723.333333 | 1045.00 | 3135.00 |
+--------+--------+-------------+---------+---------+
15 rows in set (0.00 sec)

mysql> select Ename, sal,
    ->        Sum(sal) over(partition by job) 'Sum sal',
    ->        from emp
    ->        where sal>1000;
ERROR 1064 (42000): You have an error in your SQL syntax; check the manual that corresponds to your MySQL server version for the right syntax to use near 'from emp
       where sal>1000' at line 3
mysql>
mysql> select Ename, sal,
    ->        Sum(sal) over(partition by job) 'Sum sal'
    ->        from emp
    ->        where sal>1000;
+--------+---------+---------+
| Ename  | sal     | Sum sal |
+--------+---------+---------+
| SCOTT  | 3300.00 | 9900.00 |
| FORD   | 3300.00 | 9900.00 |
| FORD   | 3300.00 | 9900.00 |
| ADAMS  | 1210.00 | 3685.00 |
| JAMES  | 1045.00 | 3685.00 |
| MILLER | 1430.00 | 3685.00 |
| JONES  | 3272.50 | 9102.50 |
| BLAKE  | 3135.00 | 9102.50 |
| CLARK  | 2695.00 | 9102.50 |
| KING   | 5500.00 | 5500.00 |
| ALLEN  | 1760.00 | 6160.00 |
| WARD   | 1375.00 | 6160.00 |
| MARTIN | 1375.00 | 6160.00 |
| TURNER | 1650.00 | 6160.00 |
+--------+---------+---------+
14 rows in set (0.00 sec)

mysql> select Ename, job,
    ->        count(job) over(partition by deptno) 'Count Jobs'
    ->        from emp
    ->        where job='clerk';
+--------+-------+------------+
| Ename  | job   | Count Jobs |
+--------+-------+------------+
| MILLER | CLERK |          1 |
| SMITH  | CLERK |          2 |
| ADAMS  | CLERK |          2 |
| JAMES  | CLERK |          1 |
+--------+-------+------------+
4 rows in set (0.08 sec)

mysql> select Ename, job,deptno,
    ->        count(job) over(partition by deptno) 'Count Jobs'
    ->        from emp
    ->        where job='clerk';
+--------+-------+--------+------------+
| Ename  | job   | deptno | Count Jobs |
+--------+-------+--------+------------+
| MILLER | CLERK |     10 |          1 |
| SMITH  | CLERK |     20 |          2 |
| ADAMS  | CLERK |     20 |          2 |
| JAMES  | CLERK |     30 |          1 |
+--------+-------+--------+------------+
4 rows in set (0.00 sec)

mysql>
mysql> select * from emp;
+-------+--------+-----------+------+------------+---------+---------+--------+
| EMPNO | ENAME  | JOB       | MGR  | HIREDATE   | SAL     | COMM    | DEPTNO |
+-------+--------+-----------+------+------------+---------+---------+--------+
|  7369 | SMITH  | CLERK     | 7902 | 1980-12-17 |  880.00 |    NULL |     20 |
|  7499 | ALLEN  | SALESMAN  | 7698 | 1981-02-20 | 1760.00 |  300.00 |     30 |
|  7521 | WARD   | SALESMAN  | 7698 | 1981-02-22 | 1375.00 |  500.00 |     30 |
|  7566 | JONES  | MANAGER   | 7839 | 1981-04-02 | 3272.50 |    NULL |     20 |
|  7654 | MARTIN | SALESMAN  | 7698 | 1981-09-28 | 1375.00 | 1400.00 |     30 |
|  7698 | BLAKE  | MANAGER   | 7839 | 1981-05-01 | 3135.00 |    NULL |     30 |
|  7782 | CLARK  | MANAGER   | 7839 | 1981-09-06 | 2695.00 |    NULL |     10 |
|  7788 | SCOTT  | ANALYST   | 7566 | 1982-12-09 | 3300.00 |    NULL |     20 |
|  7839 | KING   | PRESIDENT | NULL | 1981-11-17 | 5500.00 |    NULL |     10 |
|  7844 | TURNER | SALESMAN  | 7698 | 1981-09-08 | 1650.00 |    0.00 |     30 |
|  7876 | ADAMS  | CLERK     | 7788 | 1983-01-12 | 1210.00 |    NULL |     20 |
|  7900 | JAMES  | CLERK     | 7698 | 1981-12-03 | 1045.00 |    NULL |     30 |
|  7902 | FORD   | ANALYST   | 7566 | 1981-12-03 | 3300.00 |    NULL |     20 |
|  7934 | MILLER | CLERK     | 7782 | 1982-01-23 | 1430.00 |    NULL |     10 |
|  7902 | FORD   | ANALYST   | NULL | 1981-12-03 | 3300.00 |  200.00 |     20 |
+-------+--------+-----------+------+------------+---------+---------+--------+
15 rows in set (0.08 sec)

mysql> select count(mgr) over(partition by mgr) 'Count of emp working under same manager'
    ->        from emp;
+-----------------------------------------+
| Count of emp working under same manager |
+-----------------------------------------+
|                                       0 |
|                                       0 |
|                                       2 |
|                                       2 |
|                                       5 |
|                                       5 |
|                                       5 |
|                                       5 |
|                                       5 |
|                                       1 |
|                                       1 |
|                                       3 |
|                                       3 |
|                                       3 |
|                                       1 |
+-----------------------------------------+
15 rows in set (0.00 sec)

mysql> select mgr,count(mgr) over(partition by mgr) 'Count of emp working under same manager'
    ->        from emp;
+------+-----------------------------------------+
| mgr  | Count of emp working under same manager |
+------+-----------------------------------------+
| NULL |                                       0 |
| NULL |                                       0 |
| 7566 |                                       2 |
| 7566 |                                       2 |
| 7698 |                                       5 |
| 7698 |                                       5 |
| 7698 |                                       5 |
| 7698 |                                       5 |
| 7698 |                                       5 |
| 7782 |                                       1 |
| 7788 |                                       1 |
| 7839 |                                       3 |
| 7839 |                                       3 |
| 7839 |                                       3 |
| 7902 |                                       1 |
+------+-----------------------------------------+
15 rows in set (0.00 sec)

mysql>
mysql> select Ename,sal,
    ->        count(sal) over(partition by deptno) 'Count'
    ->        from emp
    ->        where sal>1500;
+--------+---------+-------+
| Ename  | sal     | Count |
+--------+---------+-------+
| CLARK  | 2695.00 |     2 |
| KING   | 5500.00 |     2 |
| JONES  | 3272.50 |     4 |
| SCOTT  | 3300.00 |     4 |
| FORD   | 3300.00 |     4 |
| FORD   | 3300.00 |     4 |
| ALLEN  | 1760.00 |     3 |
| BLAKE  | 3135.00 |     3 |
| TURNER | 1650.00 |     3 |
+--------+---------+-------+
9 rows in set (0.00 sec)

mysql> select ename,sal
    ->        max(sal)-min(sal) over(partition by deptno) 'Diff_Between_max_&_min',
    ->        max(sal)-sal over(partition by deptno) 'Diff_Between_Max_&_Emp_sal'
    -> from emp
    -> where deptno=20;
ERROR 1064 (42000): You have an error in your SQL syntax; check the manual that corresponds to your MySQL server version for the right syntax to use near 'max(sal)-min(sal) over(partition by deptno) 'Diff_Between_max_&_min',
       max' at line 2
mysql> select ename,sal,
    ->        max(sal)-min(sal) over(partition by deptno) 'Diff_Between_max_&_min',
    ->        max(sal)-sal over(partition by deptno) 'Diff_Between_Max_&_Emp_sal'
    -> from emp
    -> where deptno=20;
ERROR 1064 (42000): You have an error in your SQL syntax; check the manual that corresponds to your MySQL server version for the right syntax to use near 'over(partition by deptno) 'Diff_Between_Max_&_Emp_sal'
from emp
where deptno=20' at line 3
mysql>
mysql> select ename,sal,
    ->        max(sal)-min(sal) over(partition by deptno) 'Diff_Between_max_&_min',
    ->        max(sal)-sal over(partition by deptno) 'Diff_Between_Max_&_Emp_sal'
    -> from emp;
ERROR 1064 (42000): You have an error in your SQL syntax; check the manual that corresponds to your MySQL server version for the right syntax to use near 'over(partition by deptno) 'Diff_Between_Max_&_Emp_sal'
from emp' at line 3
mysql> select ename,sal,deptno
    ->        max(sal)-min(sal) over(partition by deptno) 'Diff_Between_max_&_min',
    ->        max(sal)-sal over(partition by deptno) 'Diff_Between_Max_&_Emp_sal'
    -> from emp;
ERROR 1064 (42000): You have an error in your SQL syntax; check the manual that corresponds to your MySQL server version for the right syntax to use near 'max(sal)-min(sal) over(partition by deptno) 'Diff_Between_max_&_min',
       max' at line 2
mysql>
mysql> select ename,sal,deptno,
    ->        max(sal)-min(sal) over(partition by deptno) 'Diff_Between_max_&_min',
    ->        max(sal)-sal over(partition by deptno) 'Diff_Between_Max_&_Emp_sal'
    -> from emp;
ERROR 1064 (42000): You have an error in your SQL syntax; check the manual that corresponds to your MySQL server version for the right syntax to use near 'over(partition by deptno) 'Diff_Between_Max_&_Emp_sal'
from emp' at line 3
mysql>
mysql> select ename,sal,deptno,
    ->        max(sal)-min(sal) over(partition by deptno) 'Diff_Between_max_and_min',
    ->        max(sal)-sal over(partition by deptno) 'Diff_Between_Max_and_Emp_sal'
    -> from emp;
ERROR 1064 (42000): You have an error in your SQL syntax; check the manual that corresponds to your MySQL server version for the right syntax to use near 'over(partition by deptno) 'Diff_Between_Max_and_Emp_sal'
from emp' at line 3
mysql> select ename,sal,deptno,
    ->        max(sal)-min(sal) 'Diff_Between_max_and_min',
    ->        max(sal)-sal over(partition by deptno) 'Diff_Between_Max_and_Emp_sal'
    -> from emp;
ERROR 1064 (42000): You have an error in your SQL syntax; check the manual that corresponds to your MySQL server version for the right syntax to use near 'over(partition by deptno) 'Diff_Between_Max_and_Emp_sal'
from emp' at line 3
mysql> ^Bselect ename,sal,deptno,
    ->        max(sal)-min(sal) 'Diff_Between_max_and_min',
    ->        max(sal)-sal over(partition by sal) 'Diff_Between_Max_and_Emp_sal'
    -> from emp
    -> where deptno=20;
ERROR 1064 (42000): You have an error in your SQL syntax; check the manual that corresponds to your MySQL server version for the right syntax to use near 'select ename,sal,deptno,
       max(sal)-min(sal) 'Diff_Between_max_and_min',
 ' at line 1
mysql> select ename,sal,deptno
    ->        max(sal)-min(sal) over(partition by sal) 'Diff_Between_max_and_min',
    ->        max(sal)-sal over(partition by sal) 'Diff_Between_Max_and_Emp_sal'
    -> from emp
    -> where deptno=20;
ERROR 1064 (42000): You have an error in your SQL syntax; check the manual that corresponds to your MySQL server version for the right syntax to use near 'max(sal)-min(sal) over(partition by sal) 'Diff_Between_max_and_min',
       max(' at line 2
mysql>
mysql> select ename,sal,deptno
    ->              max(sal)-sal over(partition by sal) 'Diff_Between_Max_and_Emp_sal'
    -> from emp
    -> where deptno=20;
ERROR 1064 (42000): You have an error in your SQL syntax; check the manual that corresponds to your MySQL server version for the right syntax to use near 'max(sal)-sal over(partition by sal) 'Diff_Between_Max_and_Emp_sal'
from emp
wher' at line 2
mysql> select ename,sal,deptno
    ->              max(sal)-sal 'Diff_Between_Max_and_Emp_sal'
    -> from emp
    -> where deptno=20;
ERROR 1064 (42000): You have an error in your SQL syntax; check the manual that corresponds to your MySQL server version for the right syntax to use near 'max(sal)-sal 'Diff_Between_Max_and_Emp_sal'
from emp
where deptno=20' at line 2
mysql> select ename,sal,deptno
    ->              max(sal) over() -min(sal) over() 'Diff_Between_Max_and_Emp_sal'
    -> from emp
    -> where deptno=20;
ERROR 1064 (42000): You have an error in your SQL syntax; check the manual that corresponds to your MySQL server version for the right syntax to use near 'max(sal) over() -min(sal) over() 'Diff_Between_Max_and_Emp_sal'
from emp
where d' at line 2
mysql> select ename,sal,deptno,
    ->              max(sal) over() -min(sal) over() 'Diff_Between_Max_and_Emp_sal'
    -> from emp
    -> where deptno=20;
+-------+---------+--------+------------------------------+
| ename | sal     | deptno | Diff_Between_Max_and_Emp_sal |
+-------+---------+--------+------------------------------+
| SMITH |  880.00 |     20 |                      2420.00 |
| JONES | 3272.50 |     20 |                      2420.00 |
| SCOTT | 3300.00 |     20 |                      2420.00 |
| ADAMS | 1210.00 |     20 |                      2420.00 |
| FORD  | 3300.00 |     20 |                      2420.00 |
| FORD  | 3300.00 |     20 |                      2420.00 |
+-------+---------+--------+------------------------------+
6 rows in set (0.08 sec)

mysql> select ename,sal,deptno,
    ->              max(sal) ,min(sal)
    ->              max(sal) over() -min(sal) over() 'Diff_Between_Max_and_Emp_sal'
    -> from emp
    -> where deptno=20;
ERROR 1064 (42000): You have an error in your SQL syntax; check the manual that corresponds to your MySQL server version for the right syntax to use near 'max(sal) over() -min(sal) over() 'Diff_Between_Max_and_Emp_sal'
from emp
where d' at line 3
mysql>
mysql> select ename,sal,deptno,
    ->              max(sal) ,min(sal),
    ->              max(sal) over() -min(sal) over() 'Diff_Between_Max_and_Emp_sal'
    -> from emp
    -> where deptno=20;
ERROR 1140 (42000): In aggregated query without GROUP BY, expression #1 of SELECT list contains nonaggregated column 'knowittejasdb.emp.ENAME'; this is incompatible with sql_mode=only_full_group_by
mysql> select ename,sal,deptno,
    ->              max(sal) over(),min(sal) over(),
    ->              max(sal) over() -min(sal) over() 'Diff_Between_Max_and_Emp_sal'
    -> from emp
    -> where deptno=20;
+-------+---------+--------+-----------------+-----------------+------------------------------+
| ename | sal     | deptno | max(sal) over() | min(sal) over() | Diff_Between_Max_and_Emp_sal |
+-------+---------+--------+-----------------+-----------------+------------------------------+
| SMITH |  880.00 |     20 |         3300.00 |          880.00 |                      2420.00 |
| JONES | 3272.50 |     20 |         3300.00 |          880.00 |                      2420.00 |
| SCOTT | 3300.00 |     20 |         3300.00 |          880.00 |                      2420.00 |
| ADAMS | 1210.00 |     20 |         3300.00 |          880.00 |                      2420.00 |
| FORD  | 3300.00 |     20 |         3300.00 |          880.00 |                      2420.00 |
| FORD  | 3300.00 |     20 |         3300.00 |          880.00 |                      2420.00 |
+-------+---------+--------+-----------------+-----------------+------------------------------+
6 rows in set (0.00 sec)

mysql> select ename,sal,deptno,
    ->              max(sal) over(),min(sal) over(),
    ->              max(sal) over() -min(sal) over() 'Diff_Between_Max_and_min_sal',
    ->              max(sal) over() -sal 'Diff_Between_Max_and_Emp_sal'
    -> from emp
    -> where deptno=20;
+-------+---------+--------+-----------------+-----------------+------------------------------+------------------------------+
| ename | sal     | deptno | max(sal) over() | min(sal) over() | Diff_Between_Max_and_min_sal | Diff_Between_Max_and_Emp_sal |
+-------+---------+--------+-----------------+-----------------+------------------------------+------------------------------+
| SMITH |  880.00 |     20 |         3300.00 |          880.00 |                      2420.00 |                      2420.00 |
| JONES | 3272.50 |     20 |         3300.00 |          880.00 |                      2420.00 |                        27.50 |
| SCOTT | 3300.00 |     20 |         3300.00 |          880.00 |                      2420.00 |
0.00 |
| ADAMS | 1210.00 |     20 |         3300.00 |          880.00 |                      2420.00 |                      2090.00 |
| FORD  | 3300.00 |     20 |         3300.00 |          880.00 |                      2420.00 |
0.00 |
| FORD  | 3300.00 |     20 |         3300.00 |          880.00 |                      2420.00 |
0.00 |
+-------+---------+--------+-----------------+-----------------+------------------------------+------------------------------+
6 rows in set (0.00 sec)




Sub Queries 


mysql> use knowittejasdb;
Database changed
mysql> select * from emp
    -> where sal>(select sal
    ->            from emp
    ->            where ename='Smith');
+-------+--------+-----------+------+------------+---------+---------+--------+
| EMPNO | ENAME  | JOB       | MGR  | HIREDATE   | SAL     | COMM    | DEPTNO |
+-------+--------+-----------+------+------------+---------+---------+--------+
|  7499 | ALLEN  | SALESMAN  | 7698 | 1981-02-20 | 1760.00 |  300.00 |     30 |
|  7521 | WARD   | SALESMAN  | 7698 | 1981-02-22 | 1375.00 |  500.00 |     30 |
|  7566 | JONES  | MANAGER   | 7839 | 1981-04-02 | 3272.50 |    NULL |     20 |
|  7654 | MARTIN | SALESMAN  | 7698 | 1981-09-28 | 1375.00 | 1400.00 |     30 |
|  7698 | BLAKE  | MANAGER   | 7839 | 1981-05-01 | 3135.00 |    NULL |     30 |
|  7782 | CLARK  | MANAGER   | 7839 | 1981-09-06 | 2695.00 |    NULL |     10 |
|  7788 | SCOTT  | ANALYST   | 7566 | 1982-12-09 | 3300.00 |    NULL |     20 |
|  7839 | KING   | PRESIDENT | NULL | 1981-11-17 | 5500.00 |    NULL |     10 |
|  7844 | TURNER | SALESMAN  | 7698 | 1981-09-08 | 1650.00 |    0.00 |     30 |
|  7876 | ADAMS  | CLERK     | 7788 | 1983-01-12 | 1210.00 |    NULL |     20 |
|  7900 | JAMES  | CLERK     | 7698 | 1981-12-03 | 1045.00 |    NULL |     30 |
|  7902 | FORD   | ANALYST   | 7566 | 1981-12-03 | 3300.00 |    NULL |     20 |
|  7934 | MILLER | CLERK     | 7782 | 1982-01-23 | 1430.00 |    NULL |     10 |
|  7902 | FORD   | ANALYST   | NULL | 1981-12-03 | 3300.00 |  200.00 |     20 |
+-------+--------+-----------+------+------------+---------+---------+--------+
14 rows in set (0.00 sec)

mysql>
mysql> select * from emp
    -> where  deptno=(select deptno
    ->            from emp
    ->            where ename='Smith');
+-------+-------+---------+------+------------+---------+--------+--------+
| EMPNO | ENAME | JOB     | MGR  | HIREDATE   | SAL     | COMM   | DEPTNO |
+-------+-------+---------+------+------------+---------+--------+--------+
|  7369 | SMITH | CLERK   | 7902 | 1980-12-17 |  880.00 |   NULL |     20 |
|  7566 | JONES | MANAGER | 7839 | 1981-04-02 | 3272.50 |   NULL |     20 |
|  7788 | SCOTT | ANALYST | 7566 | 1982-12-09 | 3300.00 |   NULL |     20 |
|  7876 | ADAMS | CLERK   | 7788 | 1983-01-12 | 1210.00 |   NULL |     20 |
|  7902 | FORD  | ANALYST | 7566 | 1981-12-03 | 3300.00 |   NULL |     20 |
|  7902 | FORD  | ANALYST | NULL | 1981-12-03 | 3300.00 | 200.00 |     20 |
+-------+-------+---------+------+------------+---------+--------+--------+
6 rows in set (0.00 sec)

mysql> select * from emp
    -> where  sal<(select sal
    ->            from emp
    ->            where ename='Scott')  and
    ->        sal>(select sal
    ->            from emp
    ->            where ename='Adam');
Empty set (0.01 sec)

mysql> select * from emp
    -> where  sal between (select sal
    ->            from emp
    ->            where ename='Scott')  and
    ->        (select sal
    ->            from emp
    ->            where ename='Adam');
Empty set (0.07 sec)

mysql> select * from emp;
+-------+--------+-----------+------+------------+---------+---------+--------+
| EMPNO | ENAME  | JOB       | MGR  | HIREDATE   | SAL     | COMM    | DEPTNO |
+-------+--------+-----------+------+------------+---------+---------+--------+
|  7369 | SMITH  | CLERK     | 7902 | 1980-12-17 |  880.00 |    NULL |     20 |
|  7499 | ALLEN  | SALESMAN  | 7698 | 1981-02-20 | 1760.00 |  300.00 |     30 |
|  7521 | WARD   | SALESMAN  | 7698 | 1981-02-22 | 1375.00 |  500.00 |     30 |
|  7566 | JONES  | MANAGER   | 7839 | 1981-04-02 | 3272.50 |    NULL |     20 |
|  7654 | MARTIN | SALESMAN  | 7698 | 1981-09-28 | 1375.00 | 1400.00 |     30 |
|  7698 | BLAKE  | MANAGER   | 7839 | 1981-05-01 | 3135.00 |    NULL |     30 |
|  7782 | CLARK  | MANAGER   | 7839 | 1981-09-06 | 2695.00 |    NULL |     10 |
|  7788 | SCOTT  | ANALYST   | 7566 | 1982-12-09 | 3300.00 |    NULL |     20 |
|  7839 | KING   | PRESIDENT | NULL | 1981-11-17 | 5500.00 |    NULL |     10 |
|  7844 | TURNER | SALESMAN  | 7698 | 1981-09-08 | 1650.00 |    0.00 |     30 |
|  7876 | ADAMS  | CLERK     | 7788 | 1983-01-12 | 1210.00 |    NULL |     20 |
|  7900 | JAMES  | CLERK     | 7698 | 1981-12-03 | 1045.00 |    NULL |     30 |
|  7902 | FORD   | ANALYST   | 7566 | 1981-12-03 | 3300.00 |    NULL |     20 |
|  7934 | MILLER | CLERK     | 7782 | 1982-01-23 | 1430.00 |    NULL |     10 |
|  7902 | FORD   | ANALYST   | NULL | 1981-12-03 | 3300.00 |  200.00 |     20 |
+-------+--------+-----------+------+------------+---------+---------+--------+
15 rows in set (0.00 sec)

mysql> select * from emp
    -> where  sal between (select sal
    ->            from emp
    ->            where ename='Adam')  and
    ->        (select sal
    ->            from emp
    ->            where ename='Scott');
Empty set (0.00 sec)

mysql>
mysql> select * from emp
    -> where  sal between (select sal
    ->            from emp
    ->            where ename='Adams')  and
    ->        (select sal
    ->            from emp
    ->            where ename='Scott');
+-------+--------+----------+------+------------+---------+---------+--------+
| EMPNO | ENAME  | JOB      | MGR  | HIREDATE   | SAL     | COMM    | DEPTNO |
+-------+--------+----------+------+------------+---------+---------+--------+
|  7499 | ALLEN  | SALESMAN | 7698 | 1981-02-20 | 1760.00 |  300.00 |     30 |
|  7521 | WARD   | SALESMAN | 7698 | 1981-02-22 | 1375.00 |  500.00 |     30 |
|  7566 | JONES  | MANAGER  | 7839 | 1981-04-02 | 3272.50 |    NULL |     20 |
|  7654 | MARTIN | SALESMAN | 7698 | 1981-09-28 | 1375.00 | 1400.00 |     30 |
|  7698 | BLAKE  | MANAGER  | 7839 | 1981-05-01 | 3135.00 |    NULL |     30 |
|  7782 | CLARK  | MANAGER  | 7839 | 1981-09-06 | 2695.00 |    NULL |     10 |
|  7788 | SCOTT  | ANALYST  | 7566 | 1982-12-09 | 3300.00 |    NULL |     20 |
|  7844 | TURNER | SALESMAN | 7698 | 1981-09-08 | 1650.00 |    0.00 |     30 |
|  7876 | ADAMS  | CLERK    | 7788 | 1983-01-12 | 1210.00 |    NULL |     20 |
|  7902 | FORD   | ANALYST  | 7566 | 1981-12-03 | 3300.00 |    NULL |     20 |
|  7934 | MILLER | CLERK    | 7782 | 1982-01-23 | 1430.00 |    NULL |     10 |
|  7902 | FORD   | ANALYST  | NULL | 1981-12-03 | 3300.00 |  200.00 |     20 |
+-------+--------+----------+------+------------+---------+---------+--------+
12 rows in set (0.00 sec)

mysql> select * from emp
    -> where  sal> any(select sal
    ->            from emp
    ->            where ename in('ward','blake);
    '>
    '> ^C
mysql> select * from emp
    -> where  sal> any(select sal
    ->            from emp
    ->            where ename in('ward','blake');
ERROR 1064 (42000): You have an error in your SQL syntax; check the manual that corresponds to your MySQL server version for the right syntax to use near '' at line 4
mysql> select * from emp
    -> where  sal> any(select sal
    ->            from emp
    ->            where ename='ward' or ename='blake';
ERROR 1064 (42000): You have an error in your SQL syntax; check the manual that corresponds to your MySQL server version for the right syntax to use near '' at line 4
mysql> select * from emp
    -> where  sal> any(select sal
    ->            from emp
    ->            where ename='ward' or ename='blake');
+-------+--------+-----------+------+------------+---------+--------+--------+
| EMPNO | ENAME  | JOB       | MGR  | HIREDATE   | SAL     | COMM   | DEPTNO |
+-------+--------+-----------+------+------------+---------+--------+--------+
|  7499 | ALLEN  | SALESMAN  | 7698 | 1981-02-20 | 1760.00 | 300.00 |     30 |
|  7566 | JONES  | MANAGER   | 7839 | 1981-04-02 | 3272.50 |   NULL |     20 |
|  7698 | BLAKE  | MANAGER   | 7839 | 1981-05-01 | 3135.00 |   NULL |     30 |
|  7782 | CLARK  | MANAGER   | 7839 | 1981-09-06 | 2695.00 |   NULL |     10 |
|  7788 | SCOTT  | ANALYST   | 7566 | 1982-12-09 | 3300.00 |   NULL |     20 |
|  7839 | KING   | PRESIDENT | NULL | 1981-11-17 | 5500.00 |   NULL |     10 |
|  7844 | TURNER | SALESMAN  | 7698 | 1981-09-08 | 1650.00 |   0.00 |     30 |
|  7902 | FORD   | ANALYST   | 7566 | 1981-12-03 | 3300.00 |   NULL |     20 |
|  7934 | MILLER | CLERK     | 7782 | 1982-01-23 | 1430.00 |   NULL |     10 |
|  7902 | FORD   | ANALYST   | NULL | 1981-12-03 | 3300.00 | 200.00 |     20 |
+-------+--------+-----------+------+------------+---------+--------+--------+
10 rows in set (0.00 sec)

mysql> select * from emp
    -> where sal>(select avg(sal) from emp
    ->            where deptno=10);
+-------+-------+-----------+------+------------+---------+--------+--------+
| EMPNO | ENAME | JOB       | MGR  | HIREDATE   | SAL     | COMM   | DEPTNO |
+-------+-------+-----------+------+------------+---------+--------+--------+
|  7566 | JONES | MANAGER   | 7839 | 1981-04-02 | 3272.50 |   NULL |     20 |
|  7788 | SCOTT | ANALYST   | 7566 | 1982-12-09 | 3300.00 |   NULL |     20 |
|  7839 | KING  | PRESIDENT | NULL | 1981-11-17 | 5500.00 |   NULL |     10 |
|  7902 | FORD  | ANALYST   | 7566 | 1981-12-03 | 3300.00 |   NULL |     20 |
|  7902 | FORD  | ANALYST   | NULL | 1981-12-03 | 3300.00 | 200.00 |     20 |
+-------+-------+-----------+------+------------+---------+--------+--------+
5 rows in set (0.00 sec)

mysql> select * from emp;
+-------+--------+-----------+------+------------+---------+---------+--------+
| EMPNO | ENAME  | JOB       | MGR  | HIREDATE   | SAL     | COMM    | DEPTNO |
+-------+--------+-----------+------+------------+---------+---------+--------+
|  7369 | SMITH  | CLERK     | 7902 | 1980-12-17 |  880.00 |    NULL |     20 |
|  7499 | ALLEN  | SALESMAN  | 7698 | 1981-02-20 | 1760.00 |  300.00 |     30 |
|  7521 | WARD   | SALESMAN  | 7698 | 1981-02-22 | 1375.00 |  500.00 |     30 |
|  7566 | JONES  | MANAGER   | 7839 | 1981-04-02 | 3272.50 |    NULL |     20 |
|  7654 | MARTIN | SALESMAN  | 7698 | 1981-09-28 | 1375.00 | 1400.00 |     30 |
|  7698 | BLAKE  | MANAGER   | 7839 | 1981-05-01 | 3135.00 |    NULL |     30 |
|  7782 | CLARK  | MANAGER   | 7839 | 1981-09-06 | 2695.00 |    NULL |     10 |
|  7788 | SCOTT  | ANALYST   | 7566 | 1982-12-09 | 3300.00 |    NULL |     20 |
|  7839 | KING   | PRESIDENT | NULL | 1981-11-17 | 5500.00 |    NULL |     10 |
|  7844 | TURNER | SALESMAN  | 7698 | 1981-09-08 | 1650.00 |    0.00 |     30 |
|  7876 | ADAMS  | CLERK     | 7788 | 1983-01-12 | 1210.00 |    NULL |     20 |
|  7900 | JAMES  | CLERK     | 7698 | 1981-12-03 | 1045.00 |    NULL |     30 |
|  7902 | FORD   | ANALYST   | 7566 | 1981-12-03 | 3300.00 |    NULL |     20 |
|  7934 | MILLER | CLERK     | 7782 | 1982-01-23 | 1430.00 |    NULL |     10 |
|  7902 | FORD   | ANALYST   | NULL | 1981-12-03 | 3300.00 |  200.00 |     20 |
+-------+--------+-----------+------+------------+---------+---------+--------+
15 rows in set (0.00 sec)

mysql> select deptno, sum(sal), min(sal)
    ->        where job='manager';
ERROR 1054 (42S22): Unknown column 'deptno' in 'field list'
mysql> select deptno, sum(sal) over(), min(sal) over
    ->        from emp
    ->        where job='manager';
ERROR 1064 (42000): You have an error in your SQL syntax; check the manual that corresponds to your MySQL server version for the right syntax to use near 'from emp
       where job='manager'' at line 2
mysql> select deptno, sum(sal) over(), min(sal) over()
    ->        from emp
    ->        where job='manager';
+--------+-----------------+-----------------+
| deptno | sum(sal) over() | min(sal) over() |
+--------+-----------------+-----------------+
|     20 |         9102.50 |         2695.00 |
|     30 |         9102.50 |         2695.00 |
|     10 |         9102.50 |         2695.00 |
+--------+-----------------+-----------------+
3 rows in set (0.00 sec)

mysql> create table category(
    ->                       cid int primary key,
    ->                       cname varchar(15) unique not null,
    ->                       description varchar(30)
    ->                      );
Query OK, 0 rows affected (0.17 sec)

mysql> insert into category values(1,'chips','very crunchy'),
    ->                            (2,'chocolate','very chocolaty'),
    ->                            (3,'snacks','yummy'),
    ->                            (4,'cold drinks','Thanda Thanda cool cool');
Query OK, 4 rows affected (0.09 sec)
Records: 4  Duplicates: 0  Warnings: 0

mysql>
    -> create table salesman
    -> (
    ->     sid int primary key,
    ->     sname varchar(15) unique not null,
    ->     city varchar(15)
    -> );
ERROR 1050 (42S01): Table 'salesman' already exists
mysql>
mysql> insert into salesman values(11,'Rahul','Pune'),
    ->                            (12,'Kirti','Mumbhai'),
    ->                            (13,'Prasad','Nashik'),
    ->                            (14,'Arnav','Amravati');
ERROR 1136 (21S01): Column count doesn't match value count at row 1
mysql>
mysql> drop table salesman;
Query OK, 0 rows affected (0.11 sec)

mysql> create table salesman
    -> (
    ->     sid int primary key,
    ->     sname varchar(15) unique not null,
    ->     city varchar(15)
    -> );
Query OK, 0 rows affected (0.17 sec)

mysql>
mysql> insert into salesman values(11,'Rahul','Pune'),
    ->                            (12,'Kirti','Mumbhai'),
    ->                            (13,'Prasad','Nashik'),
    ->                            (14,'Arnav','Amravati');
Query OK, 4 rows affected (0.01 sec)
Records: 4  Duplicates: 0  Warnings: 0

mysql>
mysql> create table Product(
    ->                       pid int primary key,
    ->                       pname varchar(20),
    ->                       price float(6,2) default 20.00,
    ->                       qty int check(qty>0),
    ->                       cid int,
    ->                       sid int,
    ->                       constraint fk_cid foreign key(cid) references category(cid) on delete set null,
    ->                       constraint fk_sid foreign key(sid) references salesman(sid)
    ->                   );
ERROR 1826 (HY000): Duplicate foreign key constraint name 'fk_cid'
mysql>
mysql> insert into product(123,'lays',30,30.00,1,12),
    ->                    (111,'pepsi',40,50.00,4,11),
    ->                    (134,'nachos',50,50.00,1,12),
    ->                    (124,'dairy milk',40,60.00,2,14),
    ->                    (125,'pringles',40,60.00,1,14),
    ->                    (213,'Sketch Pens',56,150.00,null,11),
    ->                    (167,'eraser',90,5.00,null,null);
ERROR 1064 (42000): You have an error in your SQL syntax; check the manual that corresponds to your MySQL server version for the right syntax to use near '123,'lays',30,30.00,1,12),
                   (111,'pepsi',40,50.00,4,11),
     ' at line 1
mysql>
mysql>
mysql>  create table Product(
    ->     ->                       pid int primary key,
    ->     ->                       pname varchar(20),
    ->     ->                       price float(6,2) default 20.00,
    ->     ->                       qty int check(qty>0),
    ->     ->                       cid int,
    ->     ->                       sid int,
    ->     ->                       constraint fk_cid foreign key(cid) references category(cid) on delete set null,
    ->     ->                       cid int,;
ERROR 1064 (42000): You have an error in your SQL syntax; check the manual that corresponds to your MySQL server version for the right syntax to use near '->                       pid int primary key,
    ->                       pname' at line 2
mysql> create table Product(
    ->                       pid int primary key,
    ->                       pname varchar(20),
    ->                       price float(6,2) default 20.00,
    ->                       qty int check(qty>0),
    ->                       cid int,
    ->                       sid int,
    ->                       constraint fk_cidd foreign key(cid) references category(cid) on delete set null,
    ->                       constraint fk_sid foreign key(sid) references salesman(sid)
    ->                   );
Query OK, 0 rows affected, 1 warning (0.06 sec)

mysql>
mysql> insert into product(123,'lays',30,30,1,12),
    ->                    (111,'pepsi',40,50,4,11),
    ->                    (134,'nachos',50,50,1,12),
    ->                    (124,'dairy milk',40,60,2,14),
    ->                    (125,'pringles',40,60,1,14),
    ->                    (213,'Sketch Pens',56,150,null,11),
    ->                    (167,'eraser',90,5,null,null);
ERROR 1064 (42000): You have an error in your SQL syntax; check the manual that corresponds to your MySQL server version for the right syntax to use near '123,'lays',30,30,1,12),
                   (111,'pepsi',40,50,4,11),
           ' at line 1
mysql> insert into product values(123,'lays',30,30,1,12),
    ->                    (111,'pepsi',40,50,4,11),
    ->                    (134,'nachos',50,50,1,12),
    ->                    (124,'dairy milk',40,60,2,14),
    ->                    (125,'pringles',40,60,1,14),
    ->                    (213,'Sketch Pens',56,150,null,11),
    ->                    (167,'eraser',90,5,null,null);
Query OK, 7 rows affected (0.00 sec)
Records: 7  Duplicates: 0  Warnings: 0

mysql>
mysql>
mysql> select p.pid,p.pname, p.cid,c.cname
    ->        from product p,category c
    ->        where p.cid=c.cid and
    ->              p.cid=(select cid
    ->                     from category
    ->                     where cname='chips');
+-----+----------+------+-------+
| pid | pname    | cid  | cname |
+-----+----------+------+-------+
| 123 | lays     |    1 | chips |
| 125 | pringles |    1 | chips |
| 134 | nachos   |    1 | chips |
+-----+----------+------+-------+
3 rows in set (0.00 sec)

mysql> select * from product
    -> where sid=(select sid
    ->            from salesman
    ->            where sname='kirti');
+-----+--------+-------+------+------+------+
| pid | pname  | price | qty  | cid  | sid  |
+-----+--------+-------+------+------+------+
| 123 | lays   | 30.00 |   30 |    1 |   12 |
| 134 | nachos | 50.00 |   50 |    1 |   12 |
+-----+--------+-------+------+------+------+
2 rows in set (0.00 sec)

mysql> select * from salesman
    -> where sid not in(select sid from product);
Empty set (0.00 sec)

mysql> select * from salesman
    -> where sid not in((select sid from product));
Empty set (0.00 sec)

mysql> select * from salesman
    -> where sid not in(all(select sid from product));
ERROR 1064 (42000): You have an error in your SQL syntax; check the manual that corresponds to your MySQL server version for the right syntax to use near 'all(select sid from product))' at line 2
mysql> select * from salesman
    -> where sid not in(any(select sid from product));
ERROR 1064 (42000): You have an error in your SQL syntax; check the manual that corresponds to your MySQL server version for the right syntax to use near '(select sid from product))' at line 2
mysql> select * from salesman s
    -> where s.sid not in(select sid from product);
Empty set (0.00 sec)

mysql> select * from salesman s
    -> where s.sid not in(select p.sid from product p);
Empty set (0.00 sec)

mysql> select * from salesman s
    -> where s.sid <> any(select p.sid from product p);
+-----+--------+----------+
| sid | sname  | city     |
+-----+--------+----------+
|  11 | Rahul  | Pune     |
|  12 | Kirti  | Mumbhai  |
|  13 | Prasad | Nashik   |
|  14 | Arnav  | Amravati |
+-----+--------+----------+
4 rows in set (0.00 sec)

mysql>
mysql> select * from salesman s
    -> where s.sid <> all(select p.sid from product p);
Empty set (0.00 sec)

mysql> select * from salesman s
    -> where s.sid not in(select p.sid from product p);
Empty set (0.00 sec)

mysql> select * from salesman s
    -> where s.sid not in(select p.sid from product p where p.sid is notnull);
ERROR 1064 (42000): You have an error in your SQL syntax; check the manual that corresponds to your MySQL server version for the right syntax to use near 'notnull)' at line 2
mysql> where s.sid not in(select p.sid from product p where p.sid is not null);
ERROR 1064 (42000): You have an error in your SQL syntax; check the manual that corresponds to your MySQL server version for the right syntax to use near 'where s.sid not in(select p.sid from product p where p.sid is not null)' at line 1
mysql> select * from salesman s
    -> where s.sid not in(select p.sid from product p where p.sid is not null);
+-----+--------+--------+
| sid | sname  | city   |
+-----+--------+--------+
|  13 | Prasad | Nashik |
+-----+--------+--------+
1 row in set (0.00 sec)

mysql> select * from category c
    -> where c.cid <> any(select p.cid from product p where cid is not null);
+-----+-------------+-------------------------+
| cid | cname       | description             |
+-----+-------------+-------------------------+
|   1 | chips       | very crunchy            |
|   2 | chocolate   | very chocolaty          |
|   3 | snacks      | yummy                   |
|   4 | cold drinks | Thanda Thanda cool cool |
+-----+-------------+-------------------------+
4 rows in set (0.00 sec)

mysql> select * from category c
    -> where c.cid not in(select p.cid from product p where cid is not null);
+-----+--------+-------------+
| cid | cname  | description |
+-----+--------+-------------+
|   3 | snacks | yummy       |
+-----+--------+-------------+
1 row in set (0.00 sec)

mysql>
mysql> select * from Product p
    -> where p.cid not in(select c.cid from category c where c.cid is not null);
Empty set (0.00 sec)

mysql> select * from Product p
    -> where p.cid not in(select c.cid from category c);
Empty set (0.00 sec)

mysql> select * from Product p
    -> where p.cid<>(select c.cid from category c);
ERROR 1242 (21000): Subquery returns more than 1 row
mysql> select * from Product p
    -> where p.cid<>any(select c.cid from category c);
+-----+------------+-------+------+------+------+
| pid | pname      | price | qty  | cid  | sid  |
+-----+------------+-------+------+------+------+
| 111 | pepsi      | 40.00 |   50 |    4 |   11 |
| 123 | lays       | 30.00 |   30 |    1 |   12 |
| 124 | dairy milk | 40.00 |   60 |    2 |   14 |
| 125 | pringles   | 40.00 |   60 |    1 |   14 |
| 134 | nachos     | 50.00 |   50 |    1 |   12 |
+-----+------------+-------+------+------+------+
5 rows in set (0.00 sec)

mysql> select * from Product p
    -> where p.cid<>all(select c.cid from category c);
Empty set (0.00 sec)

mysql> select * from Product p
    -> where p.cid not in(select c.cid from category c);
Empty set (0.00 sec)

mysql> ^C
mysql> select * from Product p
    -> where p.cid<>all(select c.cid from category c) or p.cid is null;
+-----+-------------+-------+------+------+------+
| pid | pname       | price | qty  | cid  | sid  |
+-----+-------------+-------+------+------+------+
| 167 | eraser      | 90.00 |    5 | NULL | NULL |
| 213 | Sketch Pens | 56.00 |  150 | NULL |   11 |
+-----+-------------+-------+------+------+------+
2 rows in set (0.00 sec)

mysql> select * from salesman
    -> where regexp_like(city,'^P|N.*');
+-----+--------+--------+
| sid | sname  | city   |
+-----+--------+--------+
|  11 | Rahul  | Pune   |
|  13 | Prasad | Nashik |
+-----+--------+--------+
2 rows in set (0.01 sec)

mysql> update salesman
    -> add column credit_limt int;
ERROR 1064 (42000): You have an error in your SQL syntax; check the manual that corresponds to your MySQL server version for the right syntax to use near 'add column credit_limt int' at line 2
mysql> alter salesman
    -> add column credit_limt int;
ERROR 1064 (42000): You have an error in your SQL syntax; check the manual that corresponds to your MySQL server version for the right syntax to use near 'salesman
add column credit_limt int' at line 1
mysql> alter table salesman
    -> add column credit_limt int;
Query OK, 0 rows affected (0.03 sec)
Records: 0  Duplicates: 0  Warnings: 0

mysql> select * from emp;
+-------+--------+-----------+------+------------+---------+---------+--------+
| EMPNO | ENAME  | JOB       | MGR  | HIREDATE   | SAL     | COMM    | DEPTNO |
+-------+--------+-----------+------+------------+---------+---------+--------+
|  7369 | SMITH  | CLERK     | 7902 | 1980-12-17 |  880.00 |    NULL |     20 |
|  7499 | ALLEN  | SALESMAN  | 7698 | 1981-02-20 | 1760.00 |  300.00 |     30 |
|  7521 | WARD   | SALESMAN  | 7698 | 1981-02-22 | 1375.00 |  500.00 |     30 |
|  7566 | JONES  | MANAGER   | 7839 | 1981-04-02 | 3272.50 |    NULL |     20 |
|  7654 | MARTIN | SALESMAN  | 7698 | 1981-09-28 | 1375.00 | 1400.00 |     30 |
|  7698 | BLAKE  | MANAGER   | 7839 | 1981-05-01 | 3135.00 |    NULL |     30 |
|  7782 | CLARK  | MANAGER   | 7839 | 1981-09-06 | 2695.00 |    NULL |     10 |
|  7788 | SCOTT  | ANALYST   | 7566 | 1982-12-09 | 3300.00 |    NULL |     20 |
|  7839 | KING   | PRESIDENT | NULL | 1981-11-17 | 5500.00 |    NULL |     10 |
|  7844 | TURNER | SALESMAN  | 7698 | 1981-09-08 | 1650.00 |    0.00 |     30 |
|  7876 | ADAMS  | CLERK     | 7788 | 1983-01-12 | 1210.00 |    NULL |     20 |
|  7900 | JAMES  | CLERK     | 7698 | 1981-12-03 | 1045.00 |    NULL |     30 |
|  7902 | FORD   | ANALYST   | 7566 | 1981-12-03 | 3300.00 |    NULL |     20 |
|  7934 | MILLER | CLERK     | 7782 | 1982-01-23 | 1430.00 |    NULL |     10 |
|  7902 | FORD   | ANALYST   | NULL | 1981-12-03 | 3300.00 |  200.00 |     20 |
+-------+--------+-----------+------+------------+---------+---------+--------+
15 rows in set (0.00 sec)

mysql> select * from dept;
+--------+------------+----------+
| DEPTNO | DNAME      | LOC      |
+--------+------------+----------+
|     10 | ACCOUNTING | NEW YORK |
|     20 | RESEARCH   | DALLAS   |
|     30 | SALES      | CHICAGO  |
|     40 | OPERATIONS | BOSTON   |
+--------+------------+----------+
4 rows in set (0.00 sec)

mysql> select deptno,dname
    ->        from deptno
    ->        where deptno not in(select deptno from emp);
ERROR 1146 (42S02): Table 'knowittejasdb.deptno' doesn't exist
mysql> select deptno,dname
    ->        from dept
    ->        where deptno not in(select deptno from emp);
+--------+------------+
| deptno | dname      |
+--------+------------+
|     40 | OPERATIONS |
+--------+------------+
1 row in set (0.01 sec)

mysql>



